Archive member included because of file (symbol)

c:/altera/13.0sp1/nios2eds/bin/gnu/h-i686-mingw32/bin/../lib/gcc/nios2-elf/4.1.2/mno-hw-mul\libgcc.a(_div_sf.o)
                              obj/default/src/timestamp_timer.o (__divsf3)
c:/altera/13.0sp1/nios2eds/bin/gnu/h-i686-mingw32/bin/../lib/gcc/nios2-elf/4.1.2/mno-hw-mul\libgcc.a(_gt_sf.o)
                              obj/default/src/timestamp_timer.o (__gtsf2)
c:/altera/13.0sp1/nios2eds/bin/gnu/h-i686-mingw32/bin/../lib/gcc/nios2-elf/4.1.2/mno-hw-mul\libgcc.a(_sf_to_df.o)
                              obj/default/src/timestamp_timer.o (__extendsfdf2)
c:/altera/13.0sp1/nios2eds/bin/gnu/h-i686-mingw32/bin/../lib/gcc/nios2-elf/4.1.2/mno-hw-mul\libgcc.a(_thenan_sf.o)
                              c:/altera/13.0sp1/nios2eds/bin/gnu/h-i686-mingw32/bin/../lib/gcc/nios2-elf/4.1.2/mno-hw-mul\libgcc.a(_div_sf.o) (__thenan_sf)
c:/altera/13.0sp1/nios2eds/bin/gnu/h-i686-mingw32/bin/../lib/gcc/nios2-elf/4.1.2/mno-hw-mul\libgcc.a(_usi_to_sf.o)
                              obj/default/src/timestamp_timer.o (__floatunsisf)
c:/altera/13.0sp1/nios2eds/bin/gnu/h-i686-mingw32/bin/../lib/gcc/nios2-elf/4.1.2/mno-hw-mul\libgcc.a(_make_df.o)
                              c:/altera/13.0sp1/nios2eds/bin/gnu/h-i686-mingw32/bin/../lib/gcc/nios2-elf/4.1.2/mno-hw-mul\libgcc.a(_sf_to_df.o) (__make_dp)
c:/altera/13.0sp1/nios2eds/bin/gnu/h-i686-mingw32/bin/../lib/gcc/nios2-elf/4.1.2/mno-hw-mul\libgcc.a(lib2-mul.o)
                              obj/default/src/vga_graphics.o (__mulsi3)
c:/altera/13.0sp1/nios2eds/bin/gnu/h-i686-mingw32/bin/../lib/gcc/nios2-elf/4.1.2/mno-hw-mul\libgcc.a(_clzsi2.o)
                              c:/altera/13.0sp1/nios2eds/bin/gnu/h-i686-mingw32/bin/../lib/gcc/nios2-elf/4.1.2/mno-hw-mul\libgcc.a(_usi_to_sf.o) (__clzsi2)
c:/altera/13.0sp1/nios2eds/bin/gnu/h-i686-mingw32/bin/../lib/gcc/nios2-elf/4.1.2/mno-hw-mul\libgcc.a(_pack_sf.o)
                              c:/altera/13.0sp1/nios2eds/bin/gnu/h-i686-mingw32/bin/../lib/gcc/nios2-elf/4.1.2/mno-hw-mul\libgcc.a(_div_sf.o) (__pack_f)
c:/altera/13.0sp1/nios2eds/bin/gnu/h-i686-mingw32/bin/../lib/gcc/nios2-elf/4.1.2/mno-hw-mul\libgcc.a(_unpack_sf.o)
                              c:/altera/13.0sp1/nios2eds/bin/gnu/h-i686-mingw32/bin/../lib/gcc/nios2-elf/4.1.2/mno-hw-mul\libgcc.a(_div_sf.o) (__unpack_f)
c:/altera/13.0sp1/nios2eds/bin/gnu/h-i686-mingw32/bin/../lib/gcc/nios2-elf/4.1.2/mno-hw-mul\libgcc.a(_fpcmp_parts_sf.o)
                              c:/altera/13.0sp1/nios2eds/bin/gnu/h-i686-mingw32/bin/../lib/gcc/nios2-elf/4.1.2/mno-hw-mul\libgcc.a(_gt_sf.o) (__fpcmp_parts_f)
c:/altera/13.0sp1/nios2eds/bin/gnu/h-i686-mingw32/bin/../lib/gcc/nios2-elf/4.1.2/mno-hw-mul\libgcc.a(_pack_df.o)
                              c:/altera/13.0sp1/nios2eds/bin/gnu/h-i686-mingw32/bin/../lib/gcc/nios2-elf/4.1.2/mno-hw-mul\libgcc.a(_make_df.o) (__pack_d)
c:/altera/13.0sp1/nios2eds/bin/gnu/h-i686-mingw32/bin/../lib/gcc/nios2-elf/4.1.2/mno-hw-mul\libgcc.a(_clz.o)
                              c:/altera/13.0sp1/nios2eds/bin/gnu/h-i686-mingw32/bin/../lib/gcc/nios2-elf/4.1.2/mno-hw-mul\libgcc.a(_clzsi2.o) (__clz_tab)
c:/altera/13.0sp1/nios2eds/bin/gnu/h-i686-mingw32/bin/../lib/gcc/nios2-elf/4.1.2/../../../../nios2-elf/lib/mno-hw-mul\libc.a(lib_a-memcpy.o)
                              obj/default/src/sd_card.o (memcpy)
c:/altera/13.0sp1/nios2eds/bin/gnu/h-i686-mingw32/bin/../lib/gcc/nios2-elf/4.1.2/../../../../nios2-elf/lib/mno-hw-mul\libc.a(lib_a-memset.o)
                              obj/default/src/sd_card.o (memset)
c:/altera/13.0sp1/nios2eds/bin/gnu/h-i686-mingw32/bin/../lib/gcc/nios2-elf/4.1.2/../../../../nios2-elf/lib/mno-hw-mul\libc.a(lib_a-printf.o)
                              obj/default/src/sd_card.o (printf)
c:/altera/13.0sp1/nios2eds/bin/gnu/h-i686-mingw32/bin/../lib/gcc/nios2-elf/4.1.2/../../../../nios2-elf/lib/mno-hw-mul\libc.a(lib_a-putchar.o)
                              obj/default/src/sd_card.o (putchar)
c:/altera/13.0sp1/nios2eds/bin/gnu/h-i686-mingw32/bin/../lib/gcc/nios2-elf/4.1.2/../../../../nios2-elf/lib/mno-hw-mul\libc.a(lib_a-puts.o)
                              obj/default/src/brick_breaker_main.o (puts)
c:/altera/13.0sp1/nios2eds/bin/gnu/h-i686-mingw32/bin/../lib/gcc/nios2-elf/4.1.2/../../../../nios2-elf/lib/mno-hw-mul\libc.a(lib_a-rand.o)
                              obj/default/src/vga_graphics.o (srand)
c:/altera/13.0sp1/nios2eds/bin/gnu/h-i686-mingw32/bin/../lib/gcc/nios2-elf/4.1.2/../../../../nios2-elf/lib/mno-hw-mul\libc.a(lib_a-rand_r.o)
                              obj/default/src/vga_graphics.o (rand_r)
c:/altera/13.0sp1/nios2eds/bin/gnu/h-i686-mingw32/bin/../lib/gcc/nios2-elf/4.1.2/../../../../nios2-elf/lib/mno-hw-mul\libc.a(lib_a-strlen.o)
                              c:/altera/13.0sp1/nios2eds/bin/gnu/h-i686-mingw32/bin/../lib/gcc/nios2-elf/4.1.2/../../../../nios2-elf/lib/mno-hw-mul\libc.a(lib_a-puts.o) (strlen)
[...]
Memory Configuration

Name             Origin             Length             Attributes
onchip_memory2_0 0x00000000         0x00001000
reset            0x01000000         0x00000020
sdram            0x01000020         0x007fffe0
*default*        0x00000000         0xffffffff

Linker script and memory map

LOAD ../Brick_breaker_bsp//obj/HAL/src/crt0.o
LOAD obj/default/src/brick_breaker_main.o
LOAD obj/default/src/character_lcd.o
LOAD obj/default/src/sd_card.o
LOAD obj/default/src/timestamp_timer.o
LOAD obj/default/src/vga_graphics.o
LOAD c:/altera/13.0sp1/nios2eds/bin/gnu/h-i686-mingw32/bin/../lib/gcc/nios2-elf/4.1.2/../../../../nios2-elf/lib/mno-hw-mul\libstdc++.a
LOAD c:/altera/13.0sp1/nios2eds/bin/gnu/h-i686-mingw32/bin/../lib/gcc/nios2-elf/4.1.2/../../../../nios2-elf/lib/mno-hw-mul\libm.a
LOAD c:/altera/13.0sp1/nios2eds/bin/gnu/h-i686-mingw32/bin/../lib/gcc/nios2-elf/4.1.2/mno-hw-mul\libgcc.a
START GROUP
LOAD c:/altera/13.0sp1/nios2eds/bin/gnu/h-i686-mingw32/bin/../lib/gcc/nios2-elf/4.1.2/../../../../nios2-elf/lib/mno-hw-mul\libc.a
LOAD c:/altera/13.0sp1/nios2eds/bin/gnu/h-i686-mingw32/bin/../lib/gcc/nios2-elf/4.1.2/mno-hw-mul\libgcc.a
LOAD ../Brick_breaker_bsp/\libhal_bsp.a
END GROUP
LOAD c:/altera/13.0sp1/nios2eds/bin/gnu/h-i686-mingw32/bin/../lib/gcc/nios2-elf/4.1.2/mno-hw-mul\libgcc.a
                0x00000000                __alt_mem_onchip_memory2_0 = 0x0
                0x01000000                __alt_mem_sdram = 0x1000000

.entry          0x01000000       0x20
 *(.entry)
 .entry         0x01000000       0x20 ../Brick_breaker_bsp//obj/HAL/src/crt0.o
                0x01000000                __reset

.exceptions     0x01000020      0x194
                0x01000020                PROVIDE (__ram_exceptions_start, ABSOLUTE (.))
                0x01000020                . = ALIGN (0x20)
 *(.irq)
 *(.exceptions.entry.label)
 .exceptions.entry.label
                0x01000020        0x0 ../Brick_breaker_bsp/\libhal_bsp.a(alt_irq_entry.o)
                0x01000020                alt_irq_entry
 .exceptions.entry.label
                0x01000020        0x0 ../Brick_breaker_bsp/\libhal_bsp.a(alt_exception_entry.o)
                0x01000020                alt_exception
 *(.exceptions.entry.user)
 *(.exceptions.entry)
 .exceptions.entry
                0x01000020       0x54 ../Brick_breaker_bsp/\libhal_bsp.a(alt_exception_entry.o)
 *(.exceptions.irqtest.user)
 *(.exceptions.irqtest)
 .exceptions.irqtest
                0x01000074       0x10 ../Brick_breaker_bsp/\libhal_bsp.a(alt_irq_entry.o)
 *(.exceptions.irqhandler.user)
 *(.exceptions.irqhandler)
 .exceptions.irqhandler
                0x01000084        0x4 ../Brick_breaker_bsp/\libhal_bsp.a(alt_irq_entry.o)
 *(.exceptions.irqreturn.user)
 *(.exceptions.irqreturn)
 .exceptions.irqreturn
                0x01000088        0x4 ../Brick_breaker_bsp/\libhal_bsp.a(alt_irq_entry.o)
 *(.exceptions.notirq.label)
 .exceptions.notirq.label
                0x0100008c        0x0 ../Brick_breaker_bsp/\libhal_bsp.a(alt_irq_entry.o)
 *(.exceptions.notirq.user)
 *(.exceptions.notirq)
 .exceptions.notirq
                0x0100008c        0x8 ../Brick_breaker_bsp/\libhal_bsp.a(alt_exception_entry.o)
 *(.exceptions.soft.user)
 *(.exceptions.soft)
 *(.exceptions.unknown.user)
 *(.exceptions.unknown)
 .exceptions.unknown
                0x01000094        0x4 ../Brick_breaker_bsp/\libhal_bsp.a(alt_exception_entry.o)
 *(.exceptions.exit.label)
 .exceptions.exit.label
                0x01000098        0x0 ../Brick_breaker_bsp/\libhal_bsp.a(alt_irq_entry.o)
 .exceptions.exit.label
                0x01000098        0x0 ../Brick_breaker_bsp/\libhal_bsp.a(alt_exception_entry.o)
 *(.exceptions.exit.user)
 *(.exceptions.exit)
 .exceptions.exit
                0x01000098       0x54 ../Brick_breaker_bsp/\libhal_bsp.a(alt_exception_entry.o)
 *(.exceptions)
 .exceptions    0x010000ec       0xc8 ../Brick_breaker_bsp/\libhal_bsp.a(alt_irq_handler.o)
                0x010000ec                alt_irq_handler
                0x010001b4                PROVIDE (__ram_exceptions_end, ABSOLUTE (.))
                0x01000020                PROVIDE (__flash_exceptions_start, LOADADDR (.exceptions))

.text           0x010001b4    0x147fc
                0x010001b4                PROVIDE (stext, ABSOLUTE (.))
 *(.interp)
 *(.hash)
 *(.dynsym)
 *(.dynstr)
 *(.gnu.version)
 *(.gnu.version_d)
 *(.gnu.version_r)
 *(.rel.init)
 *(.rela.init)
 *(.rel.text .rel.text.* .rel.gnu.linkonce.t.*)
 *(.rela.text .rela.text.* .rela.gnu.linkonce.t.*)
 *(.rel.fini)
 *(.rela.fini)
 *(.rel.rodata .rel.rodata.* .rel.gnu.linkonce.r.*)
 *(.rela.rodata .rela.rodata.* .rela.gnu.linkonce.r.*)
 *(.rel.data .rel.data.* .rel.gnu.linkonce.d.*)
 *(.rela.data .rela.data.* .rela.gnu.linkonce.d.*)
 *(.rel.tdata .rel.tdata.* .rel.gnu.linkonce.td.*)
 *(.rela.tdata .rela.tdata.* .rela.gnu.linkonce.td.*)
 *(.rel.tbss .rel.tbss.* .rel.gnu.linkonce.tb.*)
 *(.rela.tbss .rela.tbss.* .rela.gnu.linkonce.tb.*)
 *(.rel.ctors)
 *(.rela.ctors)
 *(.rel.dtors)
 *(.rela.dtors)
 *(.rel.got)
 *(.rela.got)
 *(.rel.sdata .rel.sdata.* .rel.gnu.linkonce.s.*)
 *(.rela.sdata .rela.sdata.* .rela.gnu.linkonce.s.*)
 *(.rel.sbss .rel.sbss.* .rel.gnu.linkonce.sb.*)
 *(.rela.sbss .rela.sbss.* .rela.gnu.linkonce.sb.*)
 *(.rel.sdata2 .rel.sdata2.* .rel.gnu.linkonce.s2.*)
 *(.rela.sdata2 .rela.sdata2.* .rela.gnu.linkonce.s2.*)
 *(.rel.sbss2 .rel.sbss2.* .rel.gnu.linkonce.sb2.*)
 *(.rela.sbss2 .rela.sbss2.* .rela.gnu.linkonce.sb2.*)
 *(.rel.bss .rel.bss.* .rel.gnu.linkonce.b.*)
 *(.rela.bss .rela.bss.* .rela.gnu.linkonce.b.*)
 *(.rel.plt)
 *(.rela.plt)
 *(.rel.dyn)
 *(.init)
 *(.plt)
 *(.text .stub .text.* .gnu.linkonce.t.*)
 .text          0x010001b4       0x3c ../Brick_breaker_bsp//obj/HAL/src/crt0.o
                0x010001b4                _start
 .text          0x010001f0      0x1b8 obj/default/src/brick_breaker_main.o
                0x010001f0                InitializeComponents
                0x010002c8                main
 .text          0x010003a8       0x5c obj/default/src/character_lcd.o
                0x010003a8                open_and_init_character_lcd
 .text          0x01000404      0x204 obj/default/src/sd_card.o
                0x01000404                initialize_sd_card
                0x01000434                sdwr
                0x0100053c                sdrd
 .text          0x01000608      0x248 obj/default/src/timestamp_timer.o
                0x01000608                exer2
                0x0100076c                sleep
 .text          0x01000850      0x9ac obj/default/src/vga_graphics.o
                0x01000850                DrawBoxFPGA
                0x010008d4                DrawFPGABallObject
                0x0100095c                DrawBallObjectMovement
                0x01000a54                DrawFPGARenderObject
                0x01000adc                DrawRenderObjectStructure
                0x01000b9c                InitializeVGA
                0x01000c24                InitializeRenderObjectStructure
                0x01000c94                InitializeBlockObjectStructure
                0x01000d08                AddBlock
                0x01000dc4                MapBlockObjectStructureToRender
                0x01000ef4                SetRandomColors
                0x01000f6c                SetBlack
                0x01000fc4                draw_random_boxes_forever
                0x01001140                draw_diagonal_line_with_character
 .text          0x010011fc      0x174 c:/altera/13.0sp1/nios2eds/bin/gnu/h-i686-mingw32/bin/../lib/gcc/nios2-elf/4.1.2/mno-hw-mul\libgcc.a(_div_sf.o)
                0x010011fc                __divsf3
 .text          0x01001370       0x78 c:/altera/13.0sp1/nios2eds/bin/gnu/h-i686-mingw32/bin/../lib/gcc/nios2-elf/4.1.2/mno-hw-mul\libgcc.a(_gt_sf.o)
                0x01001370                __gtsf2
 .text          0x010013e8       0x54 c:/altera/13.0sp1/nios2eds/bin/gnu/h-i686-mingw32/bin/../lib/gcc/nios2-elf/4.1.2/mno-hw-mul\libgcc.a(_sf_to_df.o)
                0x010013e8                __extendsfdf2
 .text          0x0100143c        0x0 c:/altera/13.0sp1/nios2eds/bin/gnu/h-i686-mingw32/bin/../lib/gcc/nios2-elf/4.1.2/mno-hw-mul\libgcc.a(_thenan_sf.o)
 .text          0x0100143c       0xc0 c:/altera/13.0sp1/nios2eds/bin/gnu/h-i686-mingw32/bin/../lib/gcc/nios2-elf/4.1.2/mno-hw-mul\libgcc.a(_usi_to_sf.o)
                0x0100143c                __floatunsisf
 .text          0x010014fc       0x38 c:/altera/13.0sp1/nios2eds/bin/gnu/h-i686-mingw32/bin/../lib/gcc/nios2-elf/4.1.2/mno-hw-mul\libgcc.a(_make_df.o)
                0x010014fc                __make_dp
 .text          0x01001534       0x38 c:/altera/13.0sp1/nios2eds/bin/gnu/h-i686-mingw32/bin/../lib/gcc/nios2-elf/4.1.2/mno-hw-mul\libgcc.a(lib2-mul.o)
                0x01001534                __mulsi3
 .text          0x0100156c       0x80 c:/altera/13.0sp1/nios2eds/bin/gnu/h-i686-mingw32/bin/../lib/gcc/nios2-elf/4.1.2/mno-hw-mul\libgcc.a(_clzsi2.o)
                0x0100156c                __clzsi2
 .text          0x010015ec      0x160 c:/altera/13.0sp1/nios2eds/bin/gnu/h-i686-mingw32/bin/../lib/gcc/nios2-elf/4.1.2/mno-hw-mul\libgcc.a(_pack_sf.o)
                0x010015ec                __pack_f
 .text          0x0100174c       0xc8 c:/altera/13.0sp1/nios2eds/bin/gnu/h-i686-mingw32/bin/../lib/gcc/nios2-elf/4.1.2/mno-hw-mul\libgcc.a(_unpack_sf.o)
                0x0100174c                __unpack_f
 .text          0x01001814       0xa8 c:/altera/13.0sp1/nios2eds/bin/gnu/h-i686-mingw32/bin/../lib/gcc/nios2-elf/4.1.2/mno-hw-mul\libgcc.a(_fpcmp_parts_sf.o)
                0x01001814                __fpcmp_parts_f
 .text          0x010018bc      0x314 c:/altera/13.0sp1/nios2eds/bin/gnu/h-i686-mingw32/bin/../lib/gcc/nios2-elf/4.1.2/mno-hw-mul\libgcc.a(_pack_df.o)
                0x010018bc                __pack_d
 .text          0x01001bd0        0x0 c:/altera/13.0sp1/nios2eds/bin/gnu/h-i686-mingw32/bin/../lib/gcc/nios2-elf/4.1.2/mno-hw-mul\libgcc.a(_clz.o)
 .text          0x01001bd0       0xa0 c:/altera/13.0sp1/nios2eds/bin/gnu/h-i686-mingw32/bin/../lib/gcc/nios2-elf/4.1.2/../../../../nios2-elf/lib/mno-hw-mul\libc.a(lib_a-memcpy.o)
                0x01001bd0                memcpy
 .text          0x01001c70       0x98 c:/altera/13.0sp1/nios2eds/bin/gnu/h-i686-mingw32/bin/../lib/gcc/nios2-elf/4.1.2/../../../../nios2-elf/lib/mno-hw-mul\libc.a(lib_a-memset.o)
                0x01001c70                memset
 .text          0x01001d08       0x78 c:/altera/13.0sp1/nios2eds/bin/gnu/h-i686-mingw32/bin/../lib/gcc/nios2-elf/4.1.2/../../../../nios2-elf/lib/mno-hw-mul\libc.a(lib_a-printf.o)
                0x01001d08                printf
                0x01001d4c                _printf_r
 .text          0x01001d80       0x24 c:/altera/13.0sp1/nios2eds/bin/gnu/h-i686-mingw32/bin/../lib/gcc/nios2-elf/4.1.2/../../../../nios2-elf/lib/mno-hw-mul\libc.a(lib_a-putchar.o)
                0x01001d80                putchar
                0x01001d9c                _putchar_r
 .text          0x01001da4       0xb4 c:/altera/13.0sp1/nios2eds/bin/gnu/h-i686-mingw32/bin/../lib/gcc/nios2-elf/4.1.2/../../../../nios2-elf/lib/mno-hw-mul\libc.a(lib_a-puts.o)
                0x01001da4                _puts_r
                0x01001e44                puts
 .text          0x01001e58       0x94 c:/altera/13.0sp1/nios2eds/bin/gnu/h-i686-mingw32/bin/../lib/gcc/nios2-elf/4.1.2/../../../../nios2-elf/lib/mno-hw-mul\libc.a(lib_a-rand.o)
                0x01001e58                srand
                0x01001e74                rand
 .text          0x01001eec       0xc4 c:/altera/13.0sp1/nios2eds/bin/gnu/h-i686-mingw32/bin/../lib/gcc/nios2-elf/4.1.2/../../../../nios2-elf/lib/mno-hw-mul\libc.a(lib_a-rand_r.o)
                0x01001eec                rand_r
 .text          0x01001fb0       0x74 c:/altera/13.0sp1/nios2eds/bin/gnu/h-i686-mingw32/bin/../lib/gcc/nios2-elf/4.1.2/../../../../nios2-elf/lib/mno-hw-mul\libc.a(lib_a-strlen.o)
                0x01001fb0                strlen
 .text          0x01002024       0x5c c:/altera/13.0sp1/nios2eds/bin/gnu/h-i686-mingw32/bin/../lib/gcc/nios2-elf/4.1.2/../../../../nios2-elf/lib/mno-hw-mul\libc.a(lib_a-time.o)
                0x01002024                time
 .text          0x01002080     0x1f40 c:/altera/13.0sp1/nios2eds/bin/gnu/h-i686-mingw32/bin/../lib/gcc/nios2-elf/4.1.2/../../../../nios2-elf/lib/mno-hw-mul\libc.a(lib_a-vfprintf.o)
                0x010020d8                ___vfprintf_internal_r
                0x01003f9c                __vfprintf_internal
 .text          0x01003fc0      0x13c c:/altera/13.0sp1/nios2eds/bin/gnu/h-i686-mingw32/bin/../lib/gcc/nios2-elf/4.1.2/../../../../nios2-elf/lib/mno-hw-mul\libc.a(lib_a-wsetup.o)
                0x01003fc0                __swsetup_r
 .text          0x010040fc     0x17f8 c:/altera/13.0sp1/nios2eds/bin/gnu/h-i686-mingw32/bin/../lib/gcc/nios2-elf/4.1.2/../../../../nios2-elf/lib/mno-hw-mul\libc.a(lib_a-dtoa.o)
                0x01004340                _dtoa_r
 .text          0x010058f4      0x230 c:/altera/13.0sp1/nios2eds/bin/gnu/h-i686-mingw32/bin/../lib/gcc/nios2-elf/4.1.2/../../../../nios2-elf/lib/mno-hw-mul\libc.a(lib_a-fflush.o)
                0x010058f4                _fflush_r
                0x01005af0                fflush
 .text          0x01005b24      0x2f4 c:/altera/13.0sp1/nios2eds/bin/gnu/h-i686-mingw32/bin/../lib/gcc/nios2-elf/4.1.2/../../../../nios2-elf/lib/mno-hw-mul\libc.a(lib_a-findfp.o)
                0x01005b7c                __sfp_lock_acquire
                0x01005b80                __sfp_lock_release
                0x01005b84                __sinit_lock_acquire
                0x01005b88                __sinit_lock_release
                0x01005b8c                __sinit
                0x01005c40                __fp_unlock_all
                0x01005c58                __fp_lock_all
                0x01005c70                _cleanup_r
                0x01005c7c                _cleanup
                0x01005c8c                __sfmoreglue
                0x01005d28                __sfp
 .text          0x01005e18      0x440 c:/altera/13.0sp1/nios2eds/bin/gnu/h-i686-mingw32/bin/../lib/gcc/nios2-elf/4.1.2/../../../../nios2-elf/lib/mno-hw-mul\libc.a(lib_a-freer.o)
                0x01005e18                _malloc_trim_r
                0x01005f44                _free_r
 .text          0x01006258      0x49c c:/altera/13.0sp1/nios2eds/bin/gnu/h-i686-mingw32/bin/../lib/gcc/nios2-elf/4.1.2/../../../../nios2-elf/lib/mno-hw-mul\libc.a(lib_a-fvwrite.o)
                0x01006258                __sfvwrite_r
 .text          0x010066f4      0x180 c:/altera/13.0sp1/nios2eds/bin/gnu/h-i686-mingw32/bin/../lib/gcc/nios2-elf/4.1.2/../../../../nios2-elf/lib/mno-hw-mul\libc.a(lib_a-fwalk.o)
                0x010066f4                _fwalk_reent
                0x010067bc                _fwalk
 .text          0x01006874       0x74 c:/altera/13.0sp1/nios2eds/bin/gnu/h-i686-mingw32/bin/../lib/gcc/nios2-elf/4.1.2/../../../../nios2-elf/lib/mno-hw-mul\libc.a(lib_a-gettimeofdayr.o)
                0x01006874                _gettimeofday_r
 .text          0x010068e8        0x0 c:/altera/13.0sp1/nios2eds/bin/gnu/h-i686-mingw32/bin/../lib/gcc/nios2-elf/4.1.2/../../../../nios2-elf/lib/mno-hw-mul\libc.a(lib_a-impure.o)
 .text          0x010068e8        0x0 c:/altera/13.0sp1/nios2eds/bin/gnu/h-i686-mingw32/bin/../lib/gcc/nios2-elf/4.1.2/../../../../nios2-elf/lib/mno-hw-mul\libc.a(lib_a-int_errno.o)
 .text          0x010068e8       0xc4 c:/altera/13.0sp1/nios2eds/bin/gnu/h-i686-mingw32/bin/../lib/gcc/nios2-elf/4.1.2/../../../../nios2-elf/lib/mno-hw-mul\libc.a(lib_a-locale.o)
                0x010068e8                __locale_charset
                0x010068f0                _localeconv_r
                0x010068fc                localeconv
                0x0100690c                _setlocale_r
                0x01006990                setlocale
 .text          0x010069ac      0x194 c:/altera/13.0sp1/nios2eds/bin/gnu/h-i686-mingw32/bin/../lib/gcc/nios2-elf/4.1.2/../../../../nios2-elf/lib/mno-hw-mul\libc.a(lib_a-makebuf.o)
                0x010069ac                __smakebuf_r
 .text          0x01006b40      0x740 c:/altera/13.0sp1/nios2eds/bin/gnu/h-i686-mingw32/bin/../lib/gcc/nios2-elf/4.1.2/../../../../nios2-elf/lib/mno-hw-mul\libc.a(lib_a-mallocr.o)
                0x01006b40                _malloc_r
 .text          0x01007280       0xe4 c:/altera/13.0sp1/nios2eds/bin/gnu/h-i686-mingw32/bin/../lib/gcc/nios2-elf/4.1.2/../../../../nios2-elf/lib/mno-hw-mul\libc.a(lib_a-memchr.o)
                0x01007280                memchr
 .text          0x01007364       0xe0 c:/altera/13.0sp1/nios2eds/bin/gnu/h-i686-mingw32/bin/../lib/gcc/nios2-elf/4.1.2/../../../../nios2-elf/lib/mno-hw-mul\libc.a(lib_a-memmove.o)
                0x01007364                memmove
 .text          0x01007444     0x108c c:/altera/13.0sp1/nios2eds/bin/gnu/h-i686-mingw32/bin/../lib/gcc/nios2-elf/4.1.2/../../../../nios2-elf/lib/mno-hw-mul\libc.a(lib_a-mprec.o)
                0x01007444                _Bfree
                0x0100746c                __hi0bits
                0x010074dc                __lo0bits
                0x010075a0                __mcmp
                0x01007600                __ulp
                0x01007680                __b2d
                0x010077a0                __ratio
                0x01007850                _mprec_log10
                0x010078e4                __copybits
                0x0100793c                __any_on
                0x010079c4                _Balloc
                0x01007a80                __d2b
                0x01007bfc                __mdiff
                0x01007d88                __lshift
                0x01007ed4                __multiply
                0x01008128                __i2b
                0x01008164                __multadd
                0x01008290                __pow5mult
                0x010083b0                __s2b
 .text          0x010084d0      0x1ec c:/altera/13.0sp1/nios2eds/bin/gnu/h-i686-mingw32/bin/../lib/gcc/nios2-elf/4.1.2/../../../../nios2-elf/lib/mno-hw-mul\libc.a(lib_a-putc.o)
                0x010084d0                putc
                0x010085d4                _putc_r
 .text          0x010086bc      0x5f4 c:/altera/13.0sp1/nios2eds/bin/gnu/h-i686-mingw32/bin/../lib/gcc/nios2-elf/4.1.2/../../../../nios2-elf/lib/mno-hw-mul\libc.a(lib_a-reallocr.o)
                0x010086bc                _realloc_r
 .text          0x01008cb0       0x40 c:/altera/13.0sp1/nios2eds/bin/gnu/h-i686-mingw32/bin/../lib/gcc/nios2-elf/4.1.2/../../../../nios2-elf/lib/mno-hw-mul\libc.a(lib_a-s_isinfd.o)
                0x01008cb0                __isinfd
 .text          0x01008cf0       0x30 c:/altera/13.0sp1/nios2eds/bin/gnu/h-i686-mingw32/bin/../lib/gcc/nios2-elf/4.1.2/../../../../nios2-elf/lib/mno-hw-mul\libc.a(lib_a-s_isnand.o)
                0x01008cf0                __isnand
 .text          0x01008d20       0x70 c:/altera/13.0sp1/nios2eds/bin/gnu/h-i686-mingw32/bin/../lib/gcc/nios2-elf/4.1.2/../../../../nios2-elf/lib/mno-hw-mul\libc.a(lib_a-sbrkr.o)
                0x01008d20                _sbrk_r
 .text          0x01008d90      0x14c c:/altera/13.0sp1/nios2eds/bin/gnu/h-i686-mingw32/bin/../lib/gcc/nios2-elf/4.1.2/../../../../nios2-elf/lib/mno-hw-mul\libc.a(lib_a-stdio.o)
                0x01008d90                __sclose
                0x01008d98                __sseek
                0x01008e00                __swrite
                0x01008e7c                __sread
 .text          0x01008edc       0xbc c:/altera/13.0sp1/nios2eds/bin/gnu/h-i686-mingw32/bin/../lib/gcc/nios2-elf/4.1.2/../../../../nios2-elf/lib/mno-hw-mul\libc.a(lib_a-strcmp.o)
                0x01008edc                strcmp
 .text          0x01008f98      0x14c c:/altera/13.0sp1/nios2eds/bin/gnu/h-i686-mingw32/bin/../lib/gcc/nios2-elf/4.1.2/../../../../nios2-elf/lib/mno-hw-mul\libc.a(lib_a-wbuf.o)
                0x01008f98                __swbuf_r
                0x010090c8                __swbuf
 .text          0x010090e4       0x78 c:/altera/13.0sp1/nios2eds/bin/gnu/h-i686-mingw32/bin/../lib/gcc/nios2-elf/4.1.2/../../../../nios2-elf/lib/mno-hw-mul\libc.a(lib_a-writer.o)
                0x010090e4                _write_r
 .text          0x0100915c       0xc8 c:/altera/13.0sp1/nios2eds/bin/gnu/h-i686-mingw32/bin/../lib/gcc/nios2-elf/4.1.2/../../../../nios2-elf/lib/mno-hw-mul\libc.a(lib_a-callocr.o)
                0x0100915c                _calloc_r
 .text          0x01009224       0x70 c:/altera/13.0sp1/nios2eds/bin/gnu/h-i686-mingw32/bin/../lib/gcc/nios2-elf/4.1.2/../../../../nios2-elf/lib/mno-hw-mul\libc.a(lib_a-closer.o)
                0x01009224                _close_r
 .text          0x01009294      0x124 c:/altera/13.0sp1/nios2eds/bin/gnu/h-i686-mingw32/bin/../lib/gcc/nios2-elf/4.1.2/../../../../nios2-elf/lib/mno-hw-mul\libc.a(lib_a-fclose.o)
                0x01009294                _fclose_r
                0x010093a4                fclose
 .text          0x010093b8       0x74 c:/altera/13.0sp1/nios2eds/bin/gnu/h-i686-mingw32/bin/../lib/gcc/nios2-elf/4.1.2/../../../../nios2-elf/lib/mno-hw-mul\libc.a(lib_a-fstatr.o)
                0x010093b8                _fstat_r
 .text          0x0100942c       0x70 c:/altera/13.0sp1/nios2eds/bin/gnu/h-i686-mingw32/bin/../lib/gcc/nios2-elf/4.1.2/../../../../nios2-elf/lib/mno-hw-mul\libc.a(lib_a-isattyr.o)
                0x0100942c                _isatty_r
 .text          0x0100949c       0x78 c:/altera/13.0sp1/nios2eds/bin/gnu/h-i686-mingw32/bin/../lib/gcc/nios2-elf/4.1.2/../../../../nios2-elf/lib/mno-hw-mul\libc.a(lib_a-lseekr.o)
                0x0100949c                _lseek_r
 .text          0x01009514       0x78 c:/altera/13.0sp1/nios2eds/bin/gnu/h-i686-mingw32/bin/../lib/gcc/nios2-elf/4.1.2/../../../../nios2-elf/lib/mno-hw-mul\libc.a(lib_a-readr.o)
                0x01009514                _read_r
 .text          0x0100958c      0x124 c:/altera/13.0sp1/nios2eds/bin/gnu/h-i686-mingw32/bin/../lib/gcc/nios2-elf/4.1.2/mno-hw-mul\libgcc.a(_muldi3.o)
                0x0100958c                __muldi3
 .text          0x010096b0      0x66c c:/altera/13.0sp1/nios2eds/bin/gnu/h-i686-mingw32/bin/../lib/gcc/nios2-elf/4.1.2/mno-hw-mul\libgcc.a(_udivdi3.o)
                0x010096b0                __udivdi3
 .text          0x01009d1c      0x660 c:/altera/13.0sp1/nios2eds/bin/gnu/h-i686-mingw32/bin/../lib/gcc/nios2-elf/4.1.2/mno-hw-mul\libgcc.a(_umoddi3.o)
                0x01009d1c                __umoddi3
 .text          0x0100a37c      0x504 c:/altera/13.0sp1/nios2eds/bin/gnu/h-i686-mingw32/bin/../lib/gcc/nios2-elf/4.1.2/mno-hw-mul\libgcc.a(_addsub_df.o)
                0x0100a78c                __subdf3
                0x0100a80c                __adddf3
 .text          0x0100a880      0x3c4 c:/altera/13.0sp1/nios2eds/bin/gnu/h-i686-mingw32/bin/../lib/gcc/nios2-elf/4.1.2/mno-hw-mul\libgcc.a(_mul_df.o)
                0x0100a880                __muldf3
 .text          0x0100ac44      0x258 c:/altera/13.0sp1/nios2eds/bin/gnu/h-i686-mingw32/bin/../lib/gcc/nios2-elf/4.1.2/mno-hw-mul\libgcc.a(_div_df.o)
                0x0100ac44                __divdf3
 .text          0x0100ae9c       0x88 c:/altera/13.0sp1/nios2eds/bin/gnu/h-i686-mingw32/bin/../lib/gcc/nios2-elf/4.1.2/mno-hw-mul\libgcc.a(_eq_df.o)
                0x0100ae9c                __eqdf2
 .text          0x0100af24       0x88 c:/altera/13.0sp1/nios2eds/bin/gnu/h-i686-mingw32/bin/../lib/gcc/nios2-elf/4.1.2/mno-hw-mul\libgcc.a(_ne_df.o)
                0x0100af24                __nedf2
 .text          0x0100afac       0x88 c:/altera/13.0sp1/nios2eds/bin/gnu/h-i686-mingw32/bin/../lib/gcc/nios2-elf/4.1.2/mno-hw-mul\libgcc.a(_gt_df.o)
                0x0100afac                __gtdf2
 .text          0x0100b034       0x88 c:/altera/13.0sp1/nios2eds/bin/gnu/h-i686-mingw32/bin/../lib/gcc/nios2-elf/4.1.2/mno-hw-mul\libgcc.a(_ge_df.o)
                0x0100b034                __gedf2
 .text          0x0100b0bc       0x88 c:/altera/13.0sp1/nios2eds/bin/gnu/h-i686-mingw32/bin/../lib/gcc/nios2-elf/4.1.2/mno-hw-mul\libgcc.a(_lt_df.o)
                0x0100b0bc                __ltdf2
 .text          0x0100b144       0xf8 c:/altera/13.0sp1/nios2eds/bin/gnu/h-i686-mingw32/bin/../lib/gcc/nios2-elf/4.1.2/mno-hw-mul\libgcc.a(_si_to_df.o)
                0x0100b144                __floatsidf
 .text          0x0100b23c       0xd8 c:/altera/13.0sp1/nios2eds/bin/gnu/h-i686-mingw32/bin/../lib/gcc/nios2-elf/4.1.2/mno-hw-mul\libgcc.a(_df_to_si.o)
                0x0100b23c                __fixdfsi
 .text          0x0100b314        0x0 c:/altera/13.0sp1/nios2eds/bin/gnu/h-i686-mingw32/bin/../lib/gcc/nios2-elf/4.1.2/mno-hw-mul\libgcc.a(_thenan_df.o)
 .text          0x0100b314      0x194 c:/altera/13.0sp1/nios2eds/bin/gnu/h-i686-mingw32/bin/../lib/gcc/nios2-elf/4.1.2/mno-hw-mul\libgcc.a(_usi_to_df.o)
                0x0100b314                __floatunsidf
 .text          0x0100b4a8      0x14c c:/altera/13.0sp1/nios2eds/bin/gnu/h-i686-mingw32/bin/../lib/gcc/nios2-elf/4.1.2/mno-hw-mul\libgcc.a(lib2-divmod.o)
                0x0100b524                __divsi3
                0x0100b584                __modsi3
                0x0100b5e4                __udivsi3
                0x0100b5ec                __umodsi3
 .text          0x0100b5f4      0x138 c:/altera/13.0sp1/nios2eds/bin/gnu/h-i686-mingw32/bin/../lib/gcc/nios2-elf/4.1.2/mno-hw-mul\libgcc.a(_unpack_df.o)
                0x0100b5f4                __unpack_d
 .text          0x0100b72c       0xc8 c:/altera/13.0sp1/nios2eds/bin/gnu/h-i686-mingw32/bin/../lib/gcc/nios2-elf/4.1.2/mno-hw-mul\libgcc.a(_fpcmp_parts_df.o)
                0x0100b72c                __fpcmp_parts_d
 .text          0x0100b7f4      0x160 ../Brick_breaker_bsp/\libhal_bsp.a(alt_close.o)
                0x0100b7f4                close
 .text          0x0100b954       0x2c ../Brick_breaker_bsp/\libhal_bsp.a(alt_dev.o)
 .text          0x0100b980        0x0 ../Brick_breaker_bsp/\libhal_bsp.a(alt_errno.o)
 .text          0x0100b980      0x138 ../Brick_breaker_bsp/\libhal_bsp.a(alt_fstat.o)
                0x0100b980                fstat
 .text          0x0100bab8      0x21c ../Brick_breaker_bsp/\libhal_bsp.a(alt_gettod.o)
                0x0100bab8                gettimeofday
 .text          0x0100bcd4      0x124 ../Brick_breaker_bsp/\libhal_bsp.a(alt_isatty.o)
                0x0100bcd4                isatty
 .text          0x0100bdf8       0xec ../Brick_breaker_bsp/\libhal_bsp.a(alt_load.o)
                0x0100bdf8                alt_load
 .text          0x0100bee4      0x154 ../Brick_breaker_bsp/\libhal_bsp.a(alt_lseek.o)
                0x0100bee4                lseek
 .text          0x0100c038       0x6c ../Brick_breaker_bsp/\libhal_bsp.a(alt_main.o)
                0x0100c038                alt_main
 .text          0x0100c0a4       0x40 ../Brick_breaker_bsp/\libhal_bsp.a(alt_malloc_lock.o)
                0x0100c0a4                __malloc_lock
                0x0100c0c4                __malloc_unlock
 .text          0x0100c0e4      0x184 ../Brick_breaker_bsp/\libhal_bsp.a(alt_read.o)
                0x0100c0e4                read
 .text          0x0100c268       0x78 ../Brick_breaker_bsp/\libhal_bsp.a(alt_release_fd.o)
                0x0100c268                alt_release_fd
 .text          0x0100c2e0       0xbc ../Brick_breaker_bsp/\libhal_bsp.a(alt_sbrk.o)
                0x0100c2e0                sbrk
 .text          0x0100c39c      0x1a4 ../Brick_breaker_bsp/\libhal_bsp.a(alt_tick.o)
                0x0100c39c                alt_alarm_stop
                0x0100c434                alt_tick
 .text          0x0100c540      0x184 ../Brick_breaker_bsp/\libhal_bsp.a(alt_write.o)
                0x0100c540                write
 .text          0x0100c6c4      0x3ac ../Brick_breaker_bsp/\libhal_bsp.a(alt_sys_init.o)
                0x0100c6c4                alt_irq_init
                0x0100c6f8                alt_sys_init
 .text          0x0100ca70     0x4440 ../Brick_breaker_bsp/\libhal_bsp.a(Altera_UP_SD_Card_Avalon_Interface.o)
                0x0100ca70                Write_Sector_Data
                0x0100cb38                Save_Modified_Sector
                0x0100cb88                Read_Sector_Data
                0x0100cc84                get_cluster_flag
                0x0100cd3c                mark_cluster
                0x0100ce20                Check_for_Master_Boot_Record
                0x0100cfd0                Read_File_Record_At_Offset
                0x0100d254                Write_File_Record_At_Offset
                0x0100d50c                Check_for_DOS_FAT
                0x0100db54                Look_for_FAT16
                0x0100dc4c                filename_to_upper_case
                0x0100dd1c                check_file_name_for_FAT16_compliance
                0x0100dfac                get_dir_divider_location
                0x0100e06c                match_file_record_to_name_ext
                0x0100e358                get_home_directory_cluster_for_file
                0x0100e86c                find_file_in_directory
                0x0100ecd0                find_first_empty_cluster
                0x0100ee74                find_first_empty_record_in_a_subdirectory
                0x0100f0c0                find_first_empty_record_in_root_directory
                0x0100f1ec                convert_filename_to_name_extension
                0x0100f3a4                create_file
                0x0100f680                copy_file_record_name_to_string
                0x0100f7d4                alt_up_sd_card_open_dev
                0x0100f898                alt_up_sd_card_is_Present
                0x0100f960                alt_up_sd_card_is_FAT16
                0x0100f9d4                alt_up_sd_card_find_first
                0x0100faa8                alt_up_sd_card_find_next
                0x0100fe58                alt_up_sd_card_fopen
                0x01010200                alt_up_sd_card_set_attributes
                0x01010290                alt_up_sd_card_get_attributes
                0x0101031c                alt_up_sd_card_read
                0x010106b8                alt_up_sd_card_write
                0x01010cdc                alt_up_sd_card_fclose
 .text          0x01010eb0      0x148 ../Brick_breaker_bsp/\libhal_bsp.a(altera_avalon_jtag_uart_fd.o)
                0x01010eb0                altera_avalon_jtag_uart_read_fd
                0x01010f08                altera_avalon_jtag_uart_write_fd
                0x01010f60                altera_avalon_jtag_uart_close_fd
                0x01010fa8                altera_avalon_jtag_uart_ioctl_fd
 .text          0x01010ff8      0x40c ../Brick_breaker_bsp/\libhal_bsp.a(altera_avalon_jtag_uart_init.o)
                0x01010ff8                altera_avalon_jtag_uart_init
                0x01011390                altera_avalon_jtag_uart_close
 .text          0x01011404       0xf4 ../Brick_breaker_bsp/\libhal_bsp.a(altera_avalon_jtag_uart_ioctl.o)
                0x01011404                altera_avalon_jtag_uart_ioctl
 .text          0x010114f8      0x224 ../Brick_breaker_bsp/\libhal_bsp.a(altera_avalon_jtag_uart_read.o)
                0x010114f8                altera_avalon_jtag_uart_read
 .text          0x0101171c      0x240 ../Brick_breaker_bsp/\libhal_bsp.a(altera_avalon_jtag_uart_write.o)
                0x0101171c                altera_avalon_jtag_uart_write
 .text          0x0101195c      0x168 ../Brick_breaker_bsp/\libhal_bsp.a(altera_avalon_timer_ts.o)
                0x0101195c                alt_timestamp_start
                0x01011a00                alt_timestamp
                0x01011a9c                alt_timestamp_freq
 .text          0x01011ac4        0x0 ../Brick_breaker_bsp/\libhal_bsp.a(altera_avalon_timer_vars.o)
 .text          0x01011ac4      0x530 ../Brick_breaker_bsp/\libhal_bsp.a(altera_up_avalon_character_lcd.o)
                0x01011ac4                get_DDRAM_addr
                0x01011b40                alt_up_character_lcd_send_cmd
                0x01011b74                alt_up_character_lcd_init
                0x01011ba8                alt_up_character_lcd_open_dev
                0x01011be8                alt_up_character_lcd_write
                0x01011c60                alt_up_character_lcd_string
                0x01011cd8                alt_up_character_lcd_write_fd
                0x01011d24                alt_up_character_lcd_set_cursor_pos
                0x01011d9c                alt_up_character_lcd_shift_cursor
                0x01011e4c                alt_up_character_lcd_shift_display
                0x01011efc                alt_up_character_lcd_erase_pos
                0x01011f8c                alt_up_character_lcd_cursor_off
                0x01011fc0                alt_up_character_lcd_cursor_blink_on
 .text          0x01011ff4      0x304 ../Brick_breaker_bsp/\libhal_bsp.a(altera_up_avalon_video_character_buffer_with_dma.o)
                0x01011ff4                alt_up_char_buffer_init
                0x01012078                alt_up_char_buffer_open_dev
                0x010120b8                alt_up_char_buffer_draw
                0x01012188                alt_up_char_buffer_string
                0x0101229c                alt_up_char_buffer_clear
 .text          0x010122f8     0x15a0 ../Brick_breaker_bsp/\libhal_bsp.a(altera_up_avalon_video_pixel_buffer_dma.o)
                0x010122f8                alt_up_pixel_buffer_dma_open_dev
                0x01012338                alt_up_pixel_buffer_dma_draw
                0x010124e4                alt_up_pixel_buffer_dma_change_back_buffer_address
                0x0101253c                alt_up_pixel_buffer_dma_swap_buffers
                0x01012594                alt_up_pixel_buffer_dma_check_swap_buffers_status
                0x010125c8                alt_up_pixel_buffer_dma_clear_screen
                0x01012734                alt_up_pixel_buffer_dma_draw_box
                0x01012c30                alt_up_pixel_buffer_dma_draw_hline
                0x01012f88                alt_up_pixel_buffer_dma_draw_vline
                0x01013360                alt_up_pixel_buffer_dma_draw_rectangle
                0x01013424                helper_plot_pixel
                0x010134fc                alt_up_pixel_buffer_dma_draw_line
 .text          0x01013898      0x154 ../Brick_breaker_bsp/\libhal_bsp.a(alt_alarm_start.o)
                0x01013898                alt_alarm_start
 .text          0x010139ec       0x1c ../Brick_breaker_bsp/\libhal_bsp.a(alt_dcache_flush_all.o)
                0x010139ec                alt_dcache_flush_all
 .text          0x01013a08      0x114 ../Brick_breaker_bsp/\libhal_bsp.a(alt_dev_llist_insert.o)
                0x01013a08                alt_dev_llist_insert
 .text          0x01013b1c       0x64 ../Brick_breaker_bsp/\libhal_bsp.a(alt_do_ctors.o)
                0x01013b1c                _do_ctors
 .text          0x01013b80       0x64 ../Brick_breaker_bsp/\libhal_bsp.a(alt_do_dtors.o)
                0x01013b80                _do_dtors
 .text          0x01013be4       0x94 ../Brick_breaker_bsp/\libhal_bsp.a(alt_find_dev.o)
                0x01013be4                alt_find_dev
 .text          0x01013c78       0x1c ../Brick_breaker_bsp/\libhal_bsp.a(alt_icache_flush_all.o)
                0x01013c78                alt_icache_flush_all
 .text          0x01013c94      0x1d4 ../Brick_breaker_bsp/\libhal_bsp.a(alt_iic.o)
                0x01013c94                alt_ic_isr_register
                0x01013ce4                alt_ic_irq_enable
                0x01013d80                alt_ic_irq_disable
                0x01013e20                alt_ic_irq_enabled
 .text          0x01013e68       0xf8 ../Brick_breaker_bsp/\libhal_bsp.a(alt_iic_isr_register.o)
                0x01013e68                alt_iic_isr_register
 .text          0x01013f60      0x150 ../Brick_breaker_bsp/\libhal_bsp.a(alt_io_redirect.o)
                0x01014038                alt_io_redirect
 .text          0x010140b0        0x0 ../Brick_breaker_bsp/\libhal_bsp.a(alt_irq_entry.o)
 .text          0x010140b0        0x0 ../Brick_breaker_bsp/\libhal_bsp.a(alt_irq_handler.o)
 .text          0x010140b0        0x0 ../Brick_breaker_bsp/\libhal_bsp.a(alt_irq_vars.o)
 .text          0x010140b0      0x2e4 ../Brick_breaker_bsp/\libhal_bsp.a(alt_open.o)
                0x010141a8                open
 .text          0x01014394       0x20 ../Brick_breaker_bsp/\libhal_bsp.a(altera_nios2_qsys_irq.o)
                0x01014394                altera_nios2_qsys_irq_init
 .text          0x010143b4        0x0 ../Brick_breaker_bsp/\libhal_bsp.a(alt_exception_entry.o)
 .text          0x010143b4      0x120 ../Brick_breaker_bsp/\libhal_bsp.a(alt_find_file.o)
                0x010143b4                alt_find_file
 .text          0x010144d4       0xd0 ../Brick_breaker_bsp/\libhal_bsp.a(alt_get_fd.o)
                0x010144d4                alt_get_fd
 .text          0x010145a4       0x14 c:/altera/13.0sp1/nios2eds/bin/gnu/h-i686-mingw32/bin/../lib/gcc/nios2-elf/4.1.2/../../../../nios2-elf/lib/mno-hw-mul\libc.a(lib_a-atexit.o)
                0x010145a4                atexit
 .text          0x010145b8       0x38 c:/altera/13.0sp1/nios2eds/bin/gnu/h-i686-mingw32/bin/../lib/gcc/nios2-elf/4.1.2/../../../../nios2-elf/lib/mno-hw-mul\libc.a(lib_a-exit.o)
                0x010145b8                exit
 .text          0x010145f0       0x74 c:/altera/13.0sp1/nios2eds/bin/gnu/h-i686-mingw32/bin/../lib/gcc/nios2-elf/4.1.2/../../../../nios2-elf/lib/mno-hw-mul\libc.a(lib_a-memcmp.o)
                0x010145f0                memcmp
 .text          0x01014664      0x134 c:/altera/13.0sp1/nios2eds/bin/gnu/h-i686-mingw32/bin/../lib/gcc/nios2-elf/4.1.2/../../../../nios2-elf/lib/mno-hw-mul\libc.a(lib_a-__atexit.o)
                0x01014664                __register_exitproc
 .text          0x01014798      0x1b4 c:/altera/13.0sp1/nios2eds/bin/gnu/h-i686-mingw32/bin/../lib/gcc/nios2-elf/4.1.2/../../../../nios2-elf/lib/mno-hw-mul\libc.a(lib_a-__call_atexit.o)
                0x0101479c                __call_exitprocs
 .text          0x0101494c       0x60 ../Brick_breaker_bsp/\libhal_bsp.a(alt_exit.o)
                0x0101498c                _exit
 *(.gnu.warning.*)
 *(.fini)
                0x010149ac                PROVIDE (__etext, ABSOLUTE (.))
                0x010149ac                PROVIDE (_etext, ABSOLUTE (.))
                0x010149ac                PROVIDE (etext, ABSOLUTE (.))
 *(.eh_frame_hdr)
                0x010149ac                . = ALIGN (0x4)
                0x010149ac                PROVIDE (__preinit_array_start, ABSOLUTE (.))
 *(.preinit_array)
                0x010149ac                PROVIDE (__preinit_array_end, ABSOLUTE (.))
                0x010149ac                PROVIDE (__init_array_start, ABSOLUTE (.))
 *(.init_array)
                0x010149ac                PROVIDE (__init_array_end, ABSOLUTE (.))
                0x010149ac                PROVIDE (__fini_array_start, ABSOLUTE (.))
 *(.fini_array)
                0x010149ac                PROVIDE (__fini_array_end, ABSOLUTE (.))
 *(.eh_frame)
 *(.gcc_except_table)
 *(.dynamic)
                0x010149ac                PROVIDE (__CTOR_LIST__, ABSOLUTE (.))
 *(.ctors)
 *(SORT(.ctors.*))
 .ctors.65535   0x010149ac        0x4 c:/altera/13.0sp1/nios2eds/bin/gnu/h-i686-mingw32/bin/../lib/gcc/nios2-elf/4.1.2/../../../../nios2-elf/lib/mno-hw-mul\libc.a(lib_a-__call_atexit.o)
                0x010149b0                PROVIDE (__CTOR_END__, ABSOLUTE (.))
                0x010149b0                PROVIDE (__DTOR_LIST__, ABSOLUTE (.))
 *(.dtors)
 *(SORT(.dtors.*))
                0x010149b0                PROVIDE (__DTOR_END__, ABSOLUTE (.))
 *(.jcr)
                0x010149b0                . = ALIGN (0x4)

.rodata         0x010149b0      0x834
                0x010149b0                PROVIDE (__ram_rodata_start, ABSOLUTE (.))
                0x010149b0                . = ALIGN (0x4)
 *(.rodata .rodata.* .gnu.linkonce.r.*)
 .rodata        0x010149b0       0xcc obj/default/src/brick_breaker_main.o
 .rodata        0x01014a7c       0x18 obj/default/src/character_lcd.o
 .rodata        0x01014a94      0x2d0 obj/default/src/sd_card.o
 .rodata        0x01014d64       0x68 obj/default/src/timestamp_timer.o
 .rodata        0x01014dcc       0x3c obj/default/src/vga_graphics.o
 .rodata        0x01014e08       0x10 c:/altera/13.0sp1/nios2eds/bin/gnu/h-i686-mingw32/bin/../lib/gcc/nios2-elf/4.1.2/mno-hw-mul\libgcc.a(_thenan_sf.o)
                0x01014e08                __thenan_sf
 .rodata        0x01014e18      0x100 c:/altera/13.0sp1/nios2eds/bin/gnu/h-i686-mingw32/bin/../lib/gcc/nios2-elf/4.1.2/mno-hw-mul\libgcc.a(_clz.o)
                0x01014e18                __clz_tab
 .rodata.str1.4
                0x01014f18        0x2 c:/altera/13.0sp1/nios2eds/bin/gnu/h-i686-mingw32/bin/../lib/gcc/nios2-elf/4.1.2/../../../../nios2-elf/lib/mno-hw-mul\libc.a(lib_a-puts.o)
                                  0x4 (size before relaxing)
 *fill*         0x01014f1a        0x2 00
 .rodata.str1.4
                0x01014f1c       0x5e c:/altera/13.0sp1/nios2eds/bin/gnu/h-i686-mingw32/bin/../lib/gcc/nios2-elf/4.1.2/../../../../nios2-elf/lib/mno-hw-mul\libc.a(lib_a-vfprintf.o)
                                 0x60 (size before relaxing)
 .rodata        0x01014f7a       0x20 c:/altera/13.0sp1/nios2eds/bin/gnu/h-i686-mingw32/bin/../lib/gcc/nios2-elf/4.1.2/../../../../nios2-elf/lib/mno-hw-mul\libc.a(lib_a-vfprintf.o)
 *fill*         0x01014f9a        0x2 00
 .rodata.str1.4
                0x01014f9c       0x10 c:/altera/13.0sp1/nios2eds/bin/gnu/h-i686-mingw32/bin/../lib/gcc/nios2-elf/4.1.2/../../../../nios2-elf/lib/mno-hw-mul\libc.a(lib_a-dtoa.o)
                                 0x14 (size before relaxing)
 .rodata.str1.4
                0x01014fac        0x2 c:/altera/13.0sp1/nios2eds/bin/gnu/h-i686-mingw32/bin/../lib/gcc/nios2-elf/4.1.2/../../../../nios2-elf/lib/mno-hw-mul\libc.a(lib_a-impure.o)
                                  0x4 (size before relaxing)
 *fill*         0x01014fae        0x2 00
 .rodata.str1.4
                0x01014fb0       0x10 c:/altera/13.0sp1/nios2eds/bin/gnu/h-i686-mingw32/bin/../lib/gcc/nios2-elf/4.1.2/../../../../nios2-elf/lib/mno-hw-mul\libc.a(lib_a-locale.o)
                                 0x18 (size before relaxing)
 .rodata        0x01014fc0       0x30 c:/altera/13.0sp1/nios2eds/bin/gnu/h-i686-mingw32/bin/../lib/gcc/nios2-elf/4.1.2/../../../../nios2-elf/lib/mno-hw-mul\libc.a(lib_a-locale.o)
 .rodata        0x01014ff0      0x124 c:/altera/13.0sp1/nios2eds/bin/gnu/h-i686-mingw32/bin/../lib/gcc/nios2-elf/4.1.2/../../../../nios2-elf/lib/mno-hw-mul\libc.a(lib_a-mprec.o)
                0x01014ff0                __mprec_tens
                0x010150b8                __mprec_bigtens
                0x010150e0                __mprec_tinytens
 .rodata        0x01015114       0x14 c:/altera/13.0sp1/nios2eds/bin/gnu/h-i686-mingw32/bin/../lib/gcc/nios2-elf/4.1.2/mno-hw-mul\libgcc.a(_thenan_df.o)
                0x01015114                __thenan_df
 .rodata        0x01015128        0xc ../Brick_breaker_bsp/\libhal_bsp.a(alt_dev.o)
 .rodata        0x01015134       0x14 ../Brick_breaker_bsp/\libhal_bsp.a(alt_main.o)
 .rodata        0x01015148       0x80 ../Brick_breaker_bsp/\libhal_bsp.a(alt_sys_init.o)
 .rodata        0x010151c8       0x1c ../Brick_breaker_bsp/\libhal_bsp.a(altera_up_avalon_video_character_buffer_with_dma.o)
 *(.rodata1)
                0x010151e4                . = ALIGN (0x4)
                0x010151e4                PROVIDE (__ram_rodata_end, ABSOLUTE (.))
                0x010149b0                PROVIDE (__flash_rodata_start, LOADADDR (.rodata))

.rwdata         0x010151e4     0x1b50 load address 0x01016d34
                0x010151e4                PROVIDE (__ram_rwdata_start, ABSOLUTE (.))
                0x010151e4                . = ALIGN (0x4)
 *(.got.plt)
 *(.got)
 *(.data1)
 *(.data .data.* .gnu.linkonce.d.*)
 .data          0x010151e4        0x0 ../Brick_breaker_bsp//obj/HAL/src/crt0.o
 .data          0x010151e4        0x0 obj/default/src/brick_breaker_main.o
 .data          0x010151e4        0x0 obj/default/src/character_lcd.o
 .data          0x010151e4        0x0 obj/default/src/sd_card.o
 .data          0x010151e4        0x0 obj/default/src/timestamp_timer.o
 .data          0x010151e4        0x0 obj/default/src/vga_graphics.o
 .data          0x010151e4        0x0 c:/altera/13.0sp1/nios2eds/bin/gnu/h-i686-mingw32/bin/../lib/gcc/nios2-elf/4.1.2/mno-hw-mul\libgcc.a(_div_sf.o)
 .data          0x010151e4        0x0 c:/altera/13.0sp1/nios2eds/bin/gnu/h-i686-mingw32/bin/../lib/gcc/nios2-elf/4.1.2/mno-hw-mul\libgcc.a(_gt_sf.o)
 .data          0x010151e4        0x0 c:/altera/13.0sp1/nios2eds/bin/gnu/h-i686-mingw32/bin/../lib/gcc/nios2-elf/4.1.2/mno-hw-mul\libgcc.a(_sf_to_df.o)
 .data          0x010151e4        0x0 c:/altera/13.0sp1/nios2eds/bin/gnu/h-i686-mingw32/bin/../lib/gcc/nios2-elf/4.1.2/mno-hw-mul\libgcc.a(_thenan_sf.o)
 .data          0x010151e4        0x0 c:/altera/13.0sp1/nios2eds/bin/gnu/h-i686-mingw32/bin/../lib/gcc/nios2-elf/4.1.2/mno-hw-mul\libgcc.a(_usi_to_sf.o)
 .data          0x010151e4        0x0 c:/altera/13.0sp1/nios2eds/bin/gnu/h-i686-mingw32/bin/../lib/gcc/nios2-elf/4.1.2/mno-hw-mul\libgcc.a(_make_df.o)
 .data          0x010151e4        0x0 c:/altera/13.0sp1/nios2eds/bin/gnu/h-i686-mingw32/bin/../lib/gcc/nios2-elf/4.1.2/mno-hw-mul\libgcc.a(lib2-mul.o)
 .data          0x010151e4        0x0 c:/altera/13.0sp1/nios2eds/bin/gnu/h-i686-mingw32/bin/../lib/gcc/nios2-elf/4.1.2/mno-hw-mul\libgcc.a(_clzsi2.o)
 .data          0x010151e4        0x0 c:/altera/13.0sp1/nios2eds/bin/gnu/h-i686-mingw32/bin/../lib/gcc/nios2-elf/4.1.2/mno-hw-mul\libgcc.a(_pack_sf.o)
 .data          0x010151e4        0x0 c:/altera/13.0sp1/nios2eds/bin/gnu/h-i686-mingw32/bin/../lib/gcc/nios2-elf/4.1.2/mno-hw-mul\libgcc.a(_unpack_sf.o)
 .data          0x010151e4        0x0 c:/altera/13.0sp1/nios2eds/bin/gnu/h-i686-mingw32/bin/../lib/gcc/nios2-elf/4.1.2/mno-hw-mul\libgcc.a(_fpcmp_parts_sf.o)
 .data          0x010151e4        0x0 c:/altera/13.0sp1/nios2eds/bin/gnu/h-i686-mingw32/bin/../lib/gcc/nios2-elf/4.1.2/mno-hw-mul\libgcc.a(_pack_df.o)
 .data          0x010151e4        0x0 c:/altera/13.0sp1/nios2eds/bin/gnu/h-i686-mingw32/bin/../lib/gcc/nios2-elf/4.1.2/mno-hw-mul\libgcc.a(_clz.o)
 .data          0x010151e4        0x0 c:/altera/13.0sp1/nios2eds/bin/gnu/h-i686-mingw32/bin/../lib/gcc/nios2-elf/4.1.2/../../../../nios2-elf/lib/mno-hw-mul\libc.a(lib_a-memcpy.o)
 .data          0x010151e4        0x0 c:/altera/13.0sp1/nios2eds/bin/gnu/h-i686-mingw32/bin/../lib/gcc/nios2-elf/4.1.2/../../../../nios2-elf/lib/mno-hw-mul\libc.a(lib_a-memset.o)
 .data          0x010151e4        0x0 c:/altera/13.0sp1/nios2eds/bin/gnu/h-i686-mingw32/bin/../lib/gcc/nios2-elf/4.1.2/../../../../nios2-elf/lib/mno-hw-mul\libc.a(lib_a-printf.o)
 .data          0x010151e4        0x0 c:/altera/13.0sp1/nios2eds/bin/gnu/h-i686-mingw32/bin/../lib/gcc/nios2-elf/4.1.2/../../../../nios2-elf/lib/mno-hw-mul\libc.a(lib_a-putchar.o)
 .data          0x010151e4        0x0 c:/altera/13.0sp1/nios2eds/bin/gnu/h-i686-mingw32/bin/../lib/gcc/nios2-elf/4.1.2/../../../../nios2-elf/lib/mno-hw-mul\libc.a(lib_a-puts.o)
 .data          0x010151e4        0x0 c:/altera/13.0sp1/nios2eds/bin/gnu/h-i686-mingw32/bin/../lib/gcc/nios2-elf/4.1.2/../../../../nios2-elf/lib/mno-hw-mul\libc.a(lib_a-rand.o)
 .data          0x010151e4        0x0 c:/altera/13.0sp1/nios2eds/bin/gnu/h-i686-mingw32/bin/../lib/gcc/nios2-elf/4.1.2/../../../../nios2-elf/lib/mno-hw-mul\libc.a(lib_a-rand_r.o)
 .data          0x010151e4        0x0 c:/altera/13.0sp1/nios2eds/bin/gnu/h-i686-mingw32/bin/../lib/gcc/nios2-elf/4.1.2/../../../../nios2-elf/lib/mno-hw-mul\libc.a(lib_a-strlen.o)
 .data          0x010151e4        0x0 c:/altera/13.0sp1/nios2eds/bin/gnu/h-i686-mingw32/bin/../lib/gcc/nios2-elf/4.1.2/../../../../nios2-elf/lib/mno-hw-mul\libc.a(lib_a-time.o)
 .data          0x010151e4        0x0 c:/altera/13.0sp1/nios2eds/bin/gnu/h-i686-mingw32/bin/../lib/gcc/nios2-elf/4.1.2/../../../../nios2-elf/lib/mno-hw-mul\libc.a(lib_a-vfprintf.o)
 .data          0x010151e4        0x0 c:/altera/13.0sp1/nios2eds/bin/gnu/h-i686-mingw32/bin/../lib/gcc/nios2-elf/4.1.2/../../../../nios2-elf/lib/mno-hw-mul\libc.a(lib_a-wsetup.o)
 .data          0x010151e4        0x0 c:/altera/13.0sp1/nios2eds/bin/gnu/h-i686-mingw32/bin/../lib/gcc/nios2-elf/4.1.2/../../../../nios2-elf/lib/mno-hw-mul\libc.a(lib_a-dtoa.o)
 .data          0x010151e4        0x0 c:/altera/13.0sp1/nios2eds/bin/gnu/h-i686-mingw32/bin/../lib/gcc/nios2-elf/4.1.2/../../../../nios2-elf/lib/mno-hw-mul\libc.a(lib_a-fflush.o)
 .data          0x010151e4        0x0 c:/altera/13.0sp1/nios2eds/bin/gnu/h-i686-mingw32/bin/../lib/gcc/nios2-elf/4.1.2/../../../../nios2-elf/lib/mno-hw-mul\libc.a(lib_a-findfp.o)
 .data          0x010151e4        0x0 c:/altera/13.0sp1/nios2eds/bin/gnu/h-i686-mingw32/bin/../lib/gcc/nios2-elf/4.1.2/../../../../nios2-elf/lib/mno-hw-mul\libc.a(lib_a-freer.o)
 .data          0x010151e4        0x0 c:/altera/13.0sp1/nios2eds/bin/gnu/h-i686-mingw32/bin/../lib/gcc/nios2-elf/4.1.2/../../../../nios2-elf/lib/mno-hw-mul\libc.a(lib_a-fvwrite.o)
 .data          0x010151e4        0x0 c:/altera/13.0sp1/nios2eds/bin/gnu/h-i686-mingw32/bin/../lib/gcc/nios2-elf/4.1.2/../../../../nios2-elf/lib/mno-hw-mul\libc.a(lib_a-fwalk.o)
 .data          0x010151e4        0x0 c:/altera/13.0sp1/nios2eds/bin/gnu/h-i686-mingw32/bin/../lib/gcc/nios2-elf/4.1.2/../../../../nios2-elf/lib/mno-hw-mul\libc.a(lib_a-gettimeofdayr.o)
 .data          0x010151e4      0x400 c:/altera/13.0sp1/nios2eds/bin/gnu/h-i686-mingw32/bin/../lib/gcc/nios2-elf/4.1.2/../../../../nios2-elf/lib/mno-hw-mul\libc.a(lib_a-impure.o)
 .data          0x010155e4        0x0 c:/altera/13.0sp1/nios2eds/bin/gnu/h-i686-mingw32/bin/../lib/gcc/nios2-elf/4.1.2/../../../../nios2-elf/lib/mno-hw-mul\libc.a(lib_a-int_errno.o)
 .data          0x010155e4        0xc c:/altera/13.0sp1/nios2eds/bin/gnu/h-i686-mingw32/bin/../lib/gcc/nios2-elf/4.1.2/../../../../nios2-elf/lib/mno-hw-mul\libc.a(lib_a-locale.o)
                0x010155e4                __lc_ctype
 .data          0x010155f0        0x0 c:/altera/13.0sp1/nios2eds/bin/gnu/h-i686-mingw32/bin/../lib/gcc/nios2-elf/4.1.2/../../../../nios2-elf/lib/mno-hw-mul\libc.a(lib_a-makebuf.o)
 .data          0x010155f0      0x408 c:/altera/13.0sp1/nios2eds/bin/gnu/h-i686-mingw32/bin/../lib/gcc/nios2-elf/4.1.2/../../../../nios2-elf/lib/mno-hw-mul\libc.a(lib_a-mallocr.o)
                0x010155f0                __malloc_av_
 .data          0x010159f8        0x0 c:/altera/13.0sp1/nios2eds/bin/gnu/h-i686-mingw32/bin/../lib/gcc/nios2-elf/4.1.2/../../../../nios2-elf/lib/mno-hw-mul\libc.a(lib_a-memchr.o)
 .data          0x010159f8        0x0 c:/altera/13.0sp1/nios2eds/bin/gnu/h-i686-mingw32/bin/../lib/gcc/nios2-elf/4.1.2/../../../../nios2-elf/lib/mno-hw-mul\libc.a(lib_a-memmove.o)
 .data          0x010159f8        0x0 c:/altera/13.0sp1/nios2eds/bin/gnu/h-i686-mingw32/bin/../lib/gcc/nios2-elf/4.1.2/../../../../nios2-elf/lib/mno-hw-mul\libc.a(lib_a-mprec.o)
 .data          0x010159f8        0x0 c:/altera/13.0sp1/nios2eds/bin/gnu/h-i686-mingw32/bin/../lib/gcc/nios2-elf/4.1.2/../../../../nios2-elf/lib/mno-hw-mul\libc.a(lib_a-putc.o)
 .data          0x010159f8        0x0 c:/altera/13.0sp1/nios2eds/bin/gnu/h-i686-mingw32/bin/../lib/gcc/nios2-elf/4.1.2/../../../../nios2-elf/lib/mno-hw-mul\libc.a(lib_a-reallocr.o)
 .data          0x010159f8        0x0 c:/altera/13.0sp1/nios2eds/bin/gnu/h-i686-mingw32/bin/../lib/gcc/nios2-elf/4.1.2/../../../../nios2-elf/lib/mno-hw-mul\libc.a(lib_a-s_isinfd.o)
 .data          0x010159f8        0x0 c:/altera/13.0sp1/nios2eds/bin/gnu/h-i686-mingw32/bin/../lib/gcc/nios2-elf/4.1.2/../../../../nios2-elf/lib/mno-hw-mul\libc.a(lib_a-s_isnand.o)
 .data          0x010159f8        0x0 c:/altera/13.0sp1/nios2eds/bin/gnu/h-i686-mingw32/bin/../lib/gcc/nios2-elf/4.1.2/../../../../nios2-elf/lib/mno-hw-mul\libc.a(lib_a-sbrkr.o)
 .data          0x010159f8        0x0 c:/altera/13.0sp1/nios2eds/bin/gnu/h-i686-mingw32/bin/../lib/gcc/nios2-elf/4.1.2/../../../../nios2-elf/lib/mno-hw-mul\libc.a(lib_a-stdio.o)
 .data          0x010159f8        0x0 c:/altera/13.0sp1/nios2eds/bin/gnu/h-i686-mingw32/bin/../lib/gcc/nios2-elf/4.1.2/../../../../nios2-elf/lib/mno-hw-mul\libc.a(lib_a-strcmp.o)
 .data          0x010159f8        0x0 c:/altera/13.0sp1/nios2eds/bin/gnu/h-i686-mingw32/bin/../lib/gcc/nios2-elf/4.1.2/../../../../nios2-elf/lib/mno-hw-mul\libc.a(lib_a-wbuf.o)
 .data          0x010159f8        0x0 c:/altera/13.0sp1/nios2eds/bin/gnu/h-i686-mingw32/bin/../lib/gcc/nios2-elf/4.1.2/../../../../nios2-elf/lib/mno-hw-mul\libc.a(lib_a-writer.o)
 .data          0x010159f8        0x0 c:/altera/13.0sp1/nios2eds/bin/gnu/h-i686-mingw32/bin/../lib/gcc/nios2-elf/4.1.2/../../../../nios2-elf/lib/mno-hw-mul\libc.a(lib_a-callocr.o)
 .data          0x010159f8        0x0 c:/altera/13.0sp1/nios2eds/bin/gnu/h-i686-mingw32/bin/../lib/gcc/nios2-elf/4.1.2/../../../../nios2-elf/lib/mno-hw-mul\libc.a(lib_a-closer.o)
 .data          0x010159f8        0x0 c:/altera/13.0sp1/nios2eds/bin/gnu/h-i686-mingw32/bin/../lib/gcc/nios2-elf/4.1.2/../../../../nios2-elf/lib/mno-hw-mul\libc.a(lib_a-fclose.o)
 .data          0x010159f8        0x0 c:/altera/13.0sp1/nios2eds/bin/gnu/h-i686-mingw32/bin/../lib/gcc/nios2-elf/4.1.2/../../../../nios2-elf/lib/mno-hw-mul\libc.a(lib_a-fstatr.o)
 .data          0x010159f8        0x0 c:/altera/13.0sp1/nios2eds/bin/gnu/h-i686-mingw32/bin/../lib/gcc/nios2-elf/4.1.2/../../../../nios2-elf/lib/mno-hw-mul\libc.a(lib_a-isattyr.o)
 .data          0x010159f8        0x0 c:/altera/13.0sp1/nios2eds/bin/gnu/h-i686-mingw32/bin/../lib/gcc/nios2-elf/4.1.2/../../../../nios2-elf/lib/mno-hw-mul\libc.a(lib_a-lseekr.o)
 .data          0x010159f8        0x0 c:/altera/13.0sp1/nios2eds/bin/gnu/h-i686-mingw32/bin/../lib/gcc/nios2-elf/4.1.2/../../../../nios2-elf/lib/mno-hw-mul\libc.a(lib_a-readr.o)
 .data          0x010159f8        0x0 c:/altera/13.0sp1/nios2eds/bin/gnu/h-i686-mingw32/bin/../lib/gcc/nios2-elf/4.1.2/mno-hw-mul\libgcc.a(_muldi3.o)
 .data          0x010159f8        0x0 c:/altera/13.0sp1/nios2eds/bin/gnu/h-i686-mingw32/bin/../lib/gcc/nios2-elf/4.1.2/mno-hw-mul\libgcc.a(_udivdi3.o)
 .data          0x010159f8        0x0 c:/altera/13.0sp1/nios2eds/bin/gnu/h-i686-mingw32/bin/../lib/gcc/nios2-elf/4.1.2/mno-hw-mul\libgcc.a(_umoddi3.o)
 .data          0x010159f8        0x0 c:/altera/13.0sp1/nios2eds/bin/gnu/h-i686-mingw32/bin/../lib/gcc/nios2-elf/4.1.2/mno-hw-mul\libgcc.a(_addsub_df.o)
 .data          0x010159f8        0x0 c:/altera/13.0sp1/nios2eds/bin/gnu/h-i686-mingw32/bin/../lib/gcc/nios2-elf/4.1.2/mno-hw-mul\libgcc.a(_mul_df.o)
 .data          0x010159f8        0x0 c:/altera/13.0sp1/nios2eds/bin/gnu/h-i686-mingw32/bin/../lib/gcc/nios2-elf/4.1.2/mno-hw-mul\libgcc.a(_div_df.o)
 .data          0x010159f8        0x0 c:/altera/13.0sp1/nios2eds/bin/gnu/h-i686-mingw32/bin/../lib/gcc/nios2-elf/4.1.2/mno-hw-mul\libgcc.a(_eq_df.o)
 .data          0x010159f8        0x0 c:/altera/13.0sp1/nios2eds/bin/gnu/h-i686-mingw32/bin/../lib/gcc/nios2-elf/4.1.2/mno-hw-mul\libgcc.a(_ne_df.o)
 .data          0x010159f8        0x0 c:/altera/13.0sp1/nios2eds/bin/gnu/h-i686-mingw32/bin/../lib/gcc/nios2-elf/4.1.2/mno-hw-mul\libgcc.a(_gt_df.o)
 .data          0x010159f8        0x0 c:/altera/13.0sp1/nios2eds/bin/gnu/h-i686-mingw32/bin/../lib/gcc/nios2-elf/4.1.2/mno-hw-mul\libgcc.a(_ge_df.o)
 .data          0x010159f8        0x0 c:/altera/13.0sp1/nios2eds/bin/gnu/h-i686-mingw32/bin/../lib/gcc/nios2-elf/4.1.2/mno-hw-mul\libgcc.a(_lt_df.o)
 .data          0x010159f8        0x0 c:/altera/13.0sp1/nios2eds/bin/gnu/h-i686-mingw32/bin/../lib/gcc/nios2-elf/4.1.2/mno-hw-mul\libgcc.a(_si_to_df.o)
 .data          0x010159f8        0x0 c:/altera/13.0sp1/nios2eds/bin/gnu/h-i686-mingw32/bin/../lib/gcc/nios2-elf/4.1.2/mno-hw-mul\libgcc.a(_df_to_si.o)
 .data          0x010159f8        0x0 c:/altera/13.0sp1/nios2eds/bin/gnu/h-i686-mingw32/bin/../lib/gcc/nios2-elf/4.1.2/mno-hw-mul\libgcc.a(_thenan_df.o)
 .data          0x010159f8        0x0 c:/altera/13.0sp1/nios2eds/bin/gnu/h-i686-mingw32/bin/../lib/gcc/nios2-elf/4.1.2/mno-hw-mul\libgcc.a(_usi_to_df.o)
 .data          0x010159f8        0x0 c:/altera/13.0sp1/nios2eds/bin/gnu/h-i686-mingw32/bin/../lib/gcc/nios2-elf/4.1.2/mno-hw-mul\libgcc.a(lib2-divmod.o)
 .data          0x010159f8        0x0 c:/altera/13.0sp1/nios2eds/bin/gnu/h-i686-mingw32/bin/../lib/gcc/nios2-elf/4.1.2/mno-hw-mul\libgcc.a(_unpack_df.o)
 .data          0x010159f8        0x0 c:/altera/13.0sp1/nios2eds/bin/gnu/h-i686-mingw32/bin/../lib/gcc/nios2-elf/4.1.2/mno-hw-mul\libgcc.a(_fpcmp_parts_df.o)
 .data          0x010159f8        0x0 ../Brick_breaker_bsp/\libhal_bsp.a(alt_close.o)
 .data          0x010159f8      0x1a8 ../Brick_breaker_bsp/\libhal_bsp.a(alt_dev.o)
                0x010159f8                alt_dev_null
                0x01015a20                alt_fd_list
 .data          0x01015ba0        0x0 ../Brick_breaker_bsp/\libhal_bsp.a(alt_errno.o)
 .data          0x01015ba0        0x0 ../Brick_breaker_bsp/\libhal_bsp.a(alt_fstat.o)
 .data          0x01015ba0        0x0 ../Brick_breaker_bsp/\libhal_bsp.a(alt_gettod.o)
 .data          0x01015ba0        0x0 ../Brick_breaker_bsp/\libhal_bsp.a(alt_isatty.o)
 .data          0x01015ba0        0x0 ../Brick_breaker_bsp/\libhal_bsp.a(alt_load.o)
 .data          0x01015ba0        0x0 ../Brick_breaker_bsp/\libhal_bsp.a(alt_lseek.o)
 .data          0x01015ba0        0x0 ../Brick_breaker_bsp/\libhal_bsp.a(alt_main.o)
 .data          0x01015ba0        0x0 ../Brick_breaker_bsp/\libhal_bsp.a(alt_malloc_lock.o)
 .data          0x01015ba0        0x0 ../Brick_breaker_bsp/\libhal_bsp.a(alt_read.o)
 .data          0x01015ba0        0x0 ../Brick_breaker_bsp/\libhal_bsp.a(alt_release_fd.o)
 .data          0x01015ba0        0x0 ../Brick_breaker_bsp/\libhal_bsp.a(alt_sbrk.o)
 .data          0x01015ba0        0x0 ../Brick_breaker_bsp/\libhal_bsp.a(alt_tick.o)
 .data          0x01015ba0        0x0 ../Brick_breaker_bsp/\libhal_bsp.a(alt_write.o)
 .data          0x01015ba0     0x1154 ../Brick_breaker_bsp/\libhal_bsp.a(alt_sys_init.o)
 .data          0x01016cf4        0x0 ../Brick_breaker_bsp/\libhal_bsp.a(Altera_UP_SD_Card_Avalon_Interface.o)
 .data          0x01016cf4        0x0 ../Brick_breaker_bsp/\libhal_bsp.a(altera_avalon_jtag_uart_fd.o)
 .data          0x01016cf4        0x0 ../Brick_breaker_bsp/\libhal_bsp.a(altera_avalon_jtag_uart_init.o)
 .data          0x01016cf4        0x0 ../Brick_breaker_bsp/\libhal_bsp.a(altera_avalon_jtag_uart_ioctl.o)
 .data          0x01016cf4        0x0 ../Brick_breaker_bsp/\libhal_bsp.a(altera_avalon_jtag_uart_read.o)
 .data          0x01016cf4        0x0 ../Brick_breaker_bsp/\libhal_bsp.a(altera_avalon_jtag_uart_write.o)
 .data          0x01016cf4        0x0 ../Brick_breaker_bsp/\libhal_bsp.a(altera_avalon_timer_ts.o)
 .data          0x01016cf4        0x0 ../Brick_breaker_bsp/\libhal_bsp.a(altera_avalon_timer_vars.o)
 .data          0x01016cf4        0x0 ../Brick_breaker_bsp/\libhal_bsp.a(altera_up_avalon_character_lcd.o)
 .data          0x01016cf4        0x0 ../Brick_breaker_bsp/\libhal_bsp.a(altera_up_avalon_video_character_buffer_with_dma.o)
 .data          0x01016cf4        0x0 ../Brick_breaker_bsp/\libhal_bsp.a(altera_up_avalon_video_pixel_buffer_dma.o)
 .data          0x01016cf4        0x0 ../Brick_breaker_bsp/\libhal_bsp.a(alt_alarm_start.o)
 .data          0x01016cf4        0x0 ../Brick_breaker_bsp/\libhal_bsp.a(alt_dcache_flush_all.o)
 .data          0x01016cf4        0x0 ../Brick_breaker_bsp/\libhal_bsp.a(alt_dev_llist_insert.o)
 .data          0x01016cf4        0x0 ../Brick_breaker_bsp/\libhal_bsp.a(alt_do_ctors.o)
 .data          0x01016cf4        0x0 ../Brick_breaker_bsp/\libhal_bsp.a(alt_do_dtors.o)
 .data          0x01016cf4        0x0 ../Brick_breaker_bsp/\libhal_bsp.a(alt_find_dev.o)
 .data          0x01016cf4        0x0 ../Brick_breaker_bsp/\libhal_bsp.a(alt_icache_flush_all.o)
 .data          0x01016cf4        0x0 ../Brick_breaker_bsp/\libhal_bsp.a(alt_iic.o)
 .data          0x01016cf4        0x0 ../Brick_breaker_bsp/\libhal_bsp.a(alt_iic_isr_register.o)
 .data          0x01016cf4        0x0 ../Brick_breaker_bsp/\libhal_bsp.a(alt_io_redirect.o)
 .data          0x01016cf4        0x0 ../Brick_breaker_bsp/\libhal_bsp.a(alt_irq_entry.o)
 .data          0x01016cf4        0x0 ../Brick_breaker_bsp/\libhal_bsp.a(alt_irq_handler.o)
 .data          0x01016cf4        0x0 ../Brick_breaker_bsp/\libhal_bsp.a(alt_irq_vars.o)
 .data          0x01016cf4        0x0 ../Brick_breaker_bsp/\libhal_bsp.a(alt_open.o)
 .data          0x01016cf4        0x0 ../Brick_breaker_bsp/\libhal_bsp.a(altera_nios2_qsys_irq.o)
 .data          0x01016cf4        0x0 ../Brick_breaker_bsp/\libhal_bsp.a(alt_exception_entry.o)
 .data          0x01016cf4        0x0 ../Brick_breaker_bsp/\libhal_bsp.a(alt_find_file.o)
 .data          0x01016cf4        0x0 ../Brick_breaker_bsp/\libhal_bsp.a(alt_get_fd.o)
 .data          0x01016cf4        0x0 c:/altera/13.0sp1/nios2eds/bin/gnu/h-i686-mingw32/bin/../lib/gcc/nios2-elf/4.1.2/../../../../nios2-elf/lib/mno-hw-mul\libc.a(lib_a-atexit.o)
 .data          0x01016cf4        0x0 c:/altera/13.0sp1/nios2eds/bin/gnu/h-i686-mingw32/bin/../lib/gcc/nios2-elf/4.1.2/../../../../nios2-elf/lib/mno-hw-mul\libc.a(lib_a-exit.o)
 .data          0x01016cf4        0x0 c:/altera/13.0sp1/nios2eds/bin/gnu/h-i686-mingw32/bin/../lib/gcc/nios2-elf/4.1.2/../../../../nios2-elf/lib/mno-hw-mul\libc.a(lib_a-memcmp.o)
 .data          0x01016cf4        0x0 c:/altera/13.0sp1/nios2eds/bin/gnu/h-i686-mingw32/bin/../lib/gcc/nios2-elf/4.1.2/../../../../nios2-elf/lib/mno-hw-mul\libc.a(lib_a-__atexit.o)
 .data          0x01016cf4        0x0 c:/altera/13.0sp1/nios2eds/bin/gnu/h-i686-mingw32/bin/../lib/gcc/nios2-elf/4.1.2/../../../../nios2-elf/lib/mno-hw-mul\libc.a(lib_a-__call_atexit.o)
 .data          0x01016cf4        0x0 ../Brick_breaker_bsp/\libhal_bsp.a(alt_exit.o)
                0x0101ecf4                _gp = ABSOLUTE ((. + 0x8000))
                0x0101ecf4                PROVIDE (gp, _gp)
 *(.rwdata .rwdata.*)
 *(.sdata .sdata.* .gnu.linkonce.s.*)
 .sdata         0x01016cf4        0x8 c:/altera/13.0sp1/nios2eds/bin/gnu/h-i686-mingw32/bin/../lib/gcc/nios2-elf/4.1.2/../../../../nios2-elf/lib/mno-hw-mul\libc.a(lib_a-impure.o)
                0x01016cf4                _impure_ptr
                0x01016cf8                _global_impure_ptr
 .sdata         0x01016cfc        0x8 c:/altera/13.0sp1/nios2eds/bin/gnu/h-i686-mingw32/bin/../lib/gcc/nios2-elf/4.1.2/../../../../nios2-elf/lib/mno-hw-mul\libc.a(lib_a-locale.o)
                0x01016cfc                __mb_cur_max
 .sdata         0x01016d04        0x8 c:/altera/13.0sp1/nios2eds/bin/gnu/h-i686-mingw32/bin/../lib/gcc/nios2-elf/4.1.2/../../../../nios2-elf/lib/mno-hw-mul\libc.a(lib_a-mallocr.o)
                0x01016d04                __malloc_trim_threshold
                0x01016d08                __malloc_sbrk_base
 .sdata         0x01016d0c       0x14 ../Brick_breaker_bsp/\libhal_bsp.a(alt_dev.o)
                0x01016d0c                alt_fs_list
                0x01016d14                alt_dev_list
                0x01016d1c                alt_max_fd
 .sdata         0x01016d20        0x4 ../Brick_breaker_bsp/\libhal_bsp.a(alt_errno.o)
                0x01016d20                alt_errno
 .sdata         0x01016d24        0x4 ../Brick_breaker_bsp/\libhal_bsp.a(alt_sbrk.o)
 .sdata         0x01016d28        0x8 ../Brick_breaker_bsp/\libhal_bsp.a(alt_tick.o)
                0x01016d28                alt_alarm_list
 .sdata         0x01016d30        0x4 ../Brick_breaker_bsp/\libhal_bsp.a(alt_irq_vars.o)
                0x01016d30                alt_priority_mask
 *(.sdata2 .sdata2.* .gnu.linkonce.s2.*)
                0x01016d34                . = ALIGN (0x4)
                0x01016d34                _edata = ABSOLUTE (.)
                0x01016d34                PROVIDE (edata, ABSOLUTE (.))
                0x01016d34                PROVIDE (__ram_rwdata_end, ABSOLUTE (.))
                0x01016d34                PROVIDE (__flash_rwdata_start, LOADADDR (.rwdata))

.bss            0x01018884      0x8a0
                0x01018884                __bss_start = ABSOLUTE (.)
                0x01018884                PROVIDE (__sbss_start, ABSOLUTE (.))
                0x01018884                PROVIDE (___sbss_start, ABSOLUTE (.))
 *(.dynsbss)
 *(.sbss .sbss.* .gnu.linkonce.sb.*)
 .sbss          0x01018884        0x4 c:/altera/13.0sp1/nios2eds/bin/gnu/h-i686-mingw32/bin/../lib/gcc/nios2-elf/4.1.2/../../../../nios2-elf/lib/mno-hw-mul\libc.a(lib_a-int_errno.o)
                0x01018884                errno
 .sbss          0x01018888        0xc c:/altera/13.0sp1/nios2eds/bin/gnu/h-i686-mingw32/bin/../lib/gcc/nios2-elf/4.1.2/../../../../nios2-elf/lib/mno-hw-mul\libc.a(lib_a-locale.o)
                0x01018888                __nlocale_changed
                0x0101888c                __mlocale_changed
                0x01018890                _PathLocale
 .sbss          0x01018894        0xc c:/altera/13.0sp1/nios2eds/bin/gnu/h-i686-mingw32/bin/../lib/gcc/nios2-elf/4.1.2/../../../../nios2-elf/lib/mno-hw-mul\libc.a(lib_a-mallocr.o)
                0x01018894                __malloc_top_pad
                0x01018898                __malloc_max_sbrked_mem
                0x0101889c                __malloc_max_total_mem
 .sbss          0x010188a0       0x10 ../Brick_breaker_bsp/\libhal_bsp.a(alt_gettod.o)
                0x010188a0                alt_timezone
                0x010188a8                alt_resettime
 .sbss          0x010188b0        0xc ../Brick_breaker_bsp/\libhal_bsp.a(alt_main.o)
                0x010188b0                alt_argc
                0x010188b4                alt_argv
                0x010188b8                alt_envp
 .sbss          0x010188bc        0x8 ../Brick_breaker_bsp/\libhal_bsp.a(alt_tick.o)
                0x010188bc                _alt_tick_rate
                0x010188c0                _alt_nticks
 .sbss          0x010188c4       0x34 ../Brick_breaker_bsp/\libhal_bsp.a(Altera_UP_SD_Card_Avalon_Interface.o)
                0x010188c4                initialized
                0x010188c8                is_sd_card_formated_as_FAT16
                0x010188cc                aux_status_register
                0x010188d0                status_register
                0x010188d4                CSD_register_w0
                0x010188d8                command_register
                0x010188dc                command_argument_register
                0x010188e0                buffer_memory
                0x010188e4                fat_partition_offset_in_512_byte_sectors
                0x010188e8                fat_partition_size_in_512_byte_sectors
                0x010188ec                device_pointer
                0x010188f0                current_sector_modified
                0x010188f4                current_sector_index
 .sbss          0x010188f8        0x8 ../Brick_breaker_bsp/\libhal_bsp.a(altera_avalon_timer_vars.o)
                0x010188f8                altera_avalon_timer_ts_base
                0x010188fc                altera_avalon_timer_ts_freq
 .sbss          0x01018900        0x4 ../Brick_breaker_bsp/\libhal_bsp.a(alt_irq_vars.o)
                0x01018900                alt_irq_active
 *(.sbss2 .sbss2.* .gnu.linkonce.sb2.*)
 *(.scommon)
                0x01018904                PROVIDE (__sbss_end, ABSOLUTE (.))
                0x01018904                PROVIDE (___sbss_end, ABSOLUTE (.))
 *(.dynbss)
 *(.bss .bss.* .gnu.linkonce.b.*)
 .bss           0x01018904        0x0 ../Brick_breaker_bsp//obj/HAL/src/crt0.o
 .bss           0x01018904        0x0 obj/default/src/brick_breaker_main.o
 .bss           0x01018904        0x0 obj/default/src/character_lcd.o
 .bss           0x01018904        0x0 obj/default/src/sd_card.o
 .bss           0x01018904        0x0 obj/default/src/timestamp_timer.o
 .bss           0x01018904        0x0 obj/default/src/vga_graphics.o
 .bss           0x01018904        0x0 c:/altera/13.0sp1/nios2eds/bin/gnu/h-i686-mingw32/bin/../lib/gcc/nios2-elf/4.1.2/mno-hw-mul\libgcc.a(_div_sf.o)
 .bss           0x01018904        0x0 c:/altera/13.0sp1/nios2eds/bin/gnu/h-i686-mingw32/bin/../lib/gcc/nios2-elf/4.1.2/mno-hw-mul\libgcc.a(_gt_sf.o)
 .bss           0x01018904        0x0 c:/altera/13.0sp1/nios2eds/bin/gnu/h-i686-mingw32/bin/../lib/gcc/nios2-elf/4.1.2/mno-hw-mul\libgcc.a(_sf_to_df.o)
 .bss           0x01018904        0x0 c:/altera/13.0sp1/nios2eds/bin/gnu/h-i686-mingw32/bin/../lib/gcc/nios2-elf/4.1.2/mno-hw-mul\libgcc.a(_thenan_sf.o)
 .bss           0x01018904        0x0 c:/altera/13.0sp1/nios2eds/bin/gnu/h-i686-mingw32/bin/../lib/gcc/nios2-elf/4.1.2/mno-hw-mul\libgcc.a(_usi_to_sf.o)
 .bss           0x01018904        0x0 c:/altera/13.0sp1/nios2eds/bin/gnu/h-i686-mingw32/bin/../lib/gcc/nios2-elf/4.1.2/mno-hw-mul\libgcc.a(_make_df.o)
 .bss           0x01018904        0x0 c:/altera/13.0sp1/nios2eds/bin/gnu/h-i686-mingw32/bin/../lib/gcc/nios2-elf/4.1.2/mno-hw-mul\libgcc.a(lib2-mul.o)
 .bss           0x01018904        0x0 c:/altera/13.0sp1/nios2eds/bin/gnu/h-i686-mingw32/bin/../lib/gcc/nios2-elf/4.1.2/mno-hw-mul\libgcc.a(_clzsi2.o)
 .bss           0x01018904        0x0 c:/altera/13.0sp1/nios2eds/bin/gnu/h-i686-mingw32/bin/../lib/gcc/nios2-elf/4.1.2/mno-hw-mul\libgcc.a(_pack_sf.o)
 .bss           0x01018904        0x0 c:/altera/13.0sp1/nios2eds/bin/gnu/h-i686-mingw32/bin/../lib/gcc/nios2-elf/4.1.2/mno-hw-mul\libgcc.a(_unpack_sf.o)
 .bss           0x01018904        0x0 c:/altera/13.0sp1/nios2eds/bin/gnu/h-i686-mingw32/bin/../lib/gcc/nios2-elf/4.1.2/mno-hw-mul\libgcc.a(_fpcmp_parts_sf.o)
 .bss           0x01018904        0x0 c:/altera/13.0sp1/nios2eds/bin/gnu/h-i686-mingw32/bin/../lib/gcc/nios2-elf/4.1.2/mno-hw-mul\libgcc.a(_pack_df.o)
 .bss           0x01018904        0x0 c:/altera/13.0sp1/nios2eds/bin/gnu/h-i686-mingw32/bin/../lib/gcc/nios2-elf/4.1.2/mno-hw-mul\libgcc.a(_clz.o)
 .bss           0x01018904        0x0 c:/altera/13.0sp1/nios2eds/bin/gnu/h-i686-mingw32/bin/../lib/gcc/nios2-elf/4.1.2/../../../../nios2-elf/lib/mno-hw-mul\libc.a(lib_a-memcpy.o)
 .bss           0x01018904        0x0 c:/altera/13.0sp1/nios2eds/bin/gnu/h-i686-mingw32/bin/../lib/gcc/nios2-elf/4.1.2/../../../../nios2-elf/lib/mno-hw-mul\libc.a(lib_a-memset.o)
 .bss           0x01018904        0x0 c:/altera/13.0sp1/nios2eds/bin/gnu/h-i686-mingw32/bin/../lib/gcc/nios2-elf/4.1.2/../../../../nios2-elf/lib/mno-hw-mul\libc.a(lib_a-printf.o)
 .bss           0x01018904        0x0 c:/altera/13.0sp1/nios2eds/bin/gnu/h-i686-mingw32/bin/../lib/gcc/nios2-elf/4.1.2/../../../../nios2-elf/lib/mno-hw-mul\libc.a(lib_a-putchar.o)
 .bss           0x01018904        0x0 c:/altera/13.0sp1/nios2eds/bin/gnu/h-i686-mingw32/bin/../lib/gcc/nios2-elf/4.1.2/../../../../nios2-elf/lib/mno-hw-mul\libc.a(lib_a-puts.o)
 .bss           0x01018904        0x0 c:/altera/13.0sp1/nios2eds/bin/gnu/h-i686-mingw32/bin/../lib/gcc/nios2-elf/4.1.2/../../../../nios2-elf/lib/mno-hw-mul\libc.a(lib_a-rand.o)
 .bss           0x01018904        0x0 c:/altera/13.0sp1/nios2eds/bin/gnu/h-i686-mingw32/bin/../lib/gcc/nios2-elf/4.1.2/../../../../nios2-elf/lib/mno-hw-mul\libc.a(lib_a-rand_r.o)
 .bss           0x01018904        0x0 c:/altera/13.0sp1/nios2eds/bin/gnu/h-i686-mingw32/bin/../lib/gcc/nios2-elf/4.1.2/../../../../nios2-elf/lib/mno-hw-mul\libc.a(lib_a-strlen.o)
 .bss           0x01018904        0x0 c:/altera/13.0sp1/nios2eds/bin/gnu/h-i686-mingw32/bin/../lib/gcc/nios2-elf/4.1.2/../../../../nios2-elf/lib/mno-hw-mul\libc.a(lib_a-time.o)
 .bss           0x01018904        0x0 c:/altera/13.0sp1/nios2eds/bin/gnu/h-i686-mingw32/bin/../lib/gcc/nios2-elf/4.1.2/../../../../nios2-elf/lib/mno-hw-mul\libc.a(lib_a-vfprintf.o)
 .bss           0x01018904        0x0 c:/altera/13.0sp1/nios2eds/bin/gnu/h-i686-mingw32/bin/../lib/gcc/nios2-elf/4.1.2/../../../../nios2-elf/lib/mno-hw-mul\libc.a(lib_a-wsetup.o)
 .bss           0x01018904        0x0 c:/altera/13.0sp1/nios2eds/bin/gnu/h-i686-mingw32/bin/../lib/gcc/nios2-elf/4.1.2/../../../../nios2-elf/lib/mno-hw-mul\libc.a(lib_a-dtoa.o)
 .bss           0x01018904        0x0 c:/altera/13.0sp1/nios2eds/bin/gnu/h-i686-mingw32/bin/../lib/gcc/nios2-elf/4.1.2/../../../../nios2-elf/lib/mno-hw-mul\libc.a(lib_a-fflush.o)
 .bss           0x01018904        0x0 c:/altera/13.0sp1/nios2eds/bin/gnu/h-i686-mingw32/bin/../lib/gcc/nios2-elf/4.1.2/../../../../nios2-elf/lib/mno-hw-mul\libc.a(lib_a-findfp.o)
 .bss           0x01018904        0x0 c:/altera/13.0sp1/nios2eds/bin/gnu/h-i686-mingw32/bin/../lib/gcc/nios2-elf/4.1.2/../../../../nios2-elf/lib/mno-hw-mul\libc.a(lib_a-freer.o)
 .bss           0x01018904        0x0 c:/altera/13.0sp1/nios2eds/bin/gnu/h-i686-mingw32/bin/../lib/gcc/nios2-elf/4.1.2/../../../../nios2-elf/lib/mno-hw-mul\libc.a(lib_a-fvwrite.o)
 .bss           0x01018904        0x0 c:/altera/13.0sp1/nios2eds/bin/gnu/h-i686-mingw32/bin/../lib/gcc/nios2-elf/4.1.2/../../../../nios2-elf/lib/mno-hw-mul\libc.a(lib_a-fwalk.o)
 .bss           0x01018904        0x0 c:/altera/13.0sp1/nios2eds/bin/gnu/h-i686-mingw32/bin/../lib/gcc/nios2-elf/4.1.2/../../../../nios2-elf/lib/mno-hw-mul\libc.a(lib_a-gettimeofdayr.o)
 .bss           0x01018904        0x0 c:/altera/13.0sp1/nios2eds/bin/gnu/h-i686-mingw32/bin/../lib/gcc/nios2-elf/4.1.2/../../../../nios2-elf/lib/mno-hw-mul\libc.a(lib_a-impure.o)
 .bss           0x01018904        0x0 c:/altera/13.0sp1/nios2eds/bin/gnu/h-i686-mingw32/bin/../lib/gcc/nios2-elf/4.1.2/../../../../nios2-elf/lib/mno-hw-mul\libc.a(lib_a-int_errno.o)
 .bss           0x01018904        0x0 c:/altera/13.0sp1/nios2eds/bin/gnu/h-i686-mingw32/bin/../lib/gcc/nios2-elf/4.1.2/../../../../nios2-elf/lib/mno-hw-mul\libc.a(lib_a-locale.o)
 .bss           0x01018904        0x0 c:/altera/13.0sp1/nios2eds/bin/gnu/h-i686-mingw32/bin/../lib/gcc/nios2-elf/4.1.2/../../../../nios2-elf/lib/mno-hw-mul\libc.a(lib_a-makebuf.o)
 .bss           0x01018904       0x28 c:/altera/13.0sp1/nios2eds/bin/gnu/h-i686-mingw32/bin/../lib/gcc/nios2-elf/4.1.2/../../../../nios2-elf/lib/mno-hw-mul\libc.a(lib_a-mallocr.o)
                0x01018904                __malloc_current_mallinfo
 .bss           0x0101892c        0x0 c:/altera/13.0sp1/nios2eds/bin/gnu/h-i686-mingw32/bin/../lib/gcc/nios2-elf/4.1.2/../../../../nios2-elf/lib/mno-hw-mul\libc.a(lib_a-memchr.o)
 .bss           0x0101892c        0x0 c:/altera/13.0sp1/nios2eds/bin/gnu/h-i686-mingw32/bin/../lib/gcc/nios2-elf/4.1.2/../../../../nios2-elf/lib/mno-hw-mul\libc.a(lib_a-memmove.o)
 .bss           0x0101892c        0x0 c:/altera/13.0sp1/nios2eds/bin/gnu/h-i686-mingw32/bin/../lib/gcc/nios2-elf/4.1.2/../../../../nios2-elf/lib/mno-hw-mul\libc.a(lib_a-mprec.o)
 .bss           0x0101892c        0x0 c:/altera/13.0sp1/nios2eds/bin/gnu/h-i686-mingw32/bin/../lib/gcc/nios2-elf/4.1.2/../../../../nios2-elf/lib/mno-hw-mul\libc.a(lib_a-putc.o)
 .bss           0x0101892c        0x0 c:/altera/13.0sp1/nios2eds/bin/gnu/h-i686-mingw32/bin/../lib/gcc/nios2-elf/4.1.2/../../../../nios2-elf/lib/mno-hw-mul\libc.a(lib_a-reallocr.o)
 .bss           0x0101892c        0x0 c:/altera/13.0sp1/nios2eds/bin/gnu/h-i686-mingw32/bin/../lib/gcc/nios2-elf/4.1.2/../../../../nios2-elf/lib/mno-hw-mul\libc.a(lib_a-s_isinfd.o)
 .bss           0x0101892c        0x0 c:/altera/13.0sp1/nios2eds/bin/gnu/h-i686-mingw32/bin/../lib/gcc/nios2-elf/4.1.2/../../../../nios2-elf/lib/mno-hw-mul\libc.a(lib_a-s_isnand.o)
 .bss           0x0101892c        0x0 c:/altera/13.0sp1/nios2eds/bin/gnu/h-i686-mingw32/bin/../lib/gcc/nios2-elf/4.1.2/../../../../nios2-elf/lib/mno-hw-mul\libc.a(lib_a-sbrkr.o)
 .bss           0x0101892c        0x0 c:/altera/13.0sp1/nios2eds/bin/gnu/h-i686-mingw32/bin/../lib/gcc/nios2-elf/4.1.2/../../../../nios2-elf/lib/mno-hw-mul\libc.a(lib_a-stdio.o)
 .bss           0x0101892c        0x0 c:/altera/13.0sp1/nios2eds/bin/gnu/h-i686-mingw32/bin/../lib/gcc/nios2-elf/4.1.2/../../../../nios2-elf/lib/mno-hw-mul\libc.a(lib_a-strcmp.o)
 .bss           0x0101892c        0x0 c:/altera/13.0sp1/nios2eds/bin/gnu/h-i686-mingw32/bin/../lib/gcc/nios2-elf/4.1.2/../../../../nios2-elf/lib/mno-hw-mul\libc.a(lib_a-wbuf.o)
 .bss           0x0101892c        0x0 c:/altera/13.0sp1/nios2eds/bin/gnu/h-i686-mingw32/bin/../lib/gcc/nios2-elf/4.1.2/../../../../nios2-elf/lib/mno-hw-mul\libc.a(lib_a-writer.o)
 .bss           0x0101892c        0x0 c:/altera/13.0sp1/nios2eds/bin/gnu/h-i686-mingw32/bin/../lib/gcc/nios2-elf/4.1.2/../../../../nios2-elf/lib/mno-hw-mul\libc.a(lib_a-callocr.o)
 .bss           0x0101892c        0x0 c:/altera/13.0sp1/nios2eds/bin/gnu/h-i686-mingw32/bin/../lib/gcc/nios2-elf/4.1.2/../../../../nios2-elf/lib/mno-hw-mul\libc.a(lib_a-closer.o)
 .bss           0x0101892c        0x0 c:/altera/13.0sp1/nios2eds/bin/gnu/h-i686-mingw32/bin/../lib/gcc/nios2-elf/4.1.2/../../../../nios2-elf/lib/mno-hw-mul\libc.a(lib_a-fclose.o)
 .bss           0x0101892c        0x0 c:/altera/13.0sp1/nios2eds/bin/gnu/h-i686-mingw32/bin/../lib/gcc/nios2-elf/4.1.2/../../../../nios2-elf/lib/mno-hw-mul\libc.a(lib_a-fstatr.o)
 .bss           0x0101892c        0x0 c:/altera/13.0sp1/nios2eds/bin/gnu/h-i686-mingw32/bin/../lib/gcc/nios2-elf/4.1.2/../../../../nios2-elf/lib/mno-hw-mul\libc.a(lib_a-isattyr.o)
 .bss           0x0101892c        0x0 c:/altera/13.0sp1/nios2eds/bin/gnu/h-i686-mingw32/bin/../lib/gcc/nios2-elf/4.1.2/../../../../nios2-elf/lib/mno-hw-mul\libc.a(lib_a-lseekr.o)
 .bss           0x0101892c        0x0 c:/altera/13.0sp1/nios2eds/bin/gnu/h-i686-mingw32/bin/../lib/gcc/nios2-elf/4.1.2/../../../../nios2-elf/lib/mno-hw-mul\libc.a(lib_a-readr.o)
 .bss           0x0101892c        0x0 c:/altera/13.0sp1/nios2eds/bin/gnu/h-i686-mingw32/bin/../lib/gcc/nios2-elf/4.1.2/mno-hw-mul\libgcc.a(_muldi3.o)
 .bss           0x0101892c        0x0 c:/altera/13.0sp1/nios2eds/bin/gnu/h-i686-mingw32/bin/../lib/gcc/nios2-elf/4.1.2/mno-hw-mul\libgcc.a(_udivdi3.o)
 .bss           0x0101892c        0x0 c:/altera/13.0sp1/nios2eds/bin/gnu/h-i686-mingw32/bin/../lib/gcc/nios2-elf/4.1.2/mno-hw-mul\libgcc.a(_umoddi3.o)
 .bss           0x0101892c        0x0 c:/altera/13.0sp1/nios2eds/bin/gnu/h-i686-mingw32/bin/../lib/gcc/nios2-elf/4.1.2/mno-hw-mul\libgcc.a(_addsub_df.o)
 .bss           0x0101892c        0x0 c:/altera/13.0sp1/nios2eds/bin/gnu/h-i686-mingw32/bin/../lib/gcc/nios2-elf/4.1.2/mno-hw-mul\libgcc.a(_mul_df.o)
 .bss           0x0101892c        0x0 c:/altera/13.0sp1/nios2eds/bin/gnu/h-i686-mingw32/bin/../lib/gcc/nios2-elf/4.1.2/mno-hw-mul\libgcc.a(_div_df.o)
 .bss           0x0101892c        0x0 c:/altera/13.0sp1/nios2eds/bin/gnu/h-i686-mingw32/bin/../lib/gcc/nios2-elf/4.1.2/mno-hw-mul\libgcc.a(_eq_df.o)
 .bss           0x0101892c        0x0 c:/altera/13.0sp1/nios2eds/bin/gnu/h-i686-mingw32/bin/../lib/gcc/nios2-elf/4.1.2/mno-hw-mul\libgcc.a(_ne_df.o)
 .bss           0x0101892c        0x0 c:/altera/13.0sp1/nios2eds/bin/gnu/h-i686-mingw32/bin/../lib/gcc/nios2-elf/4.1.2/mno-hw-mul\libgcc.a(_gt_df.o)
 .bss           0x0101892c        0x0 c:/altera/13.0sp1/nios2eds/bin/gnu/h-i686-mingw32/bin/../lib/gcc/nios2-elf/4.1.2/mno-hw-mul\libgcc.a(_ge_df.o)
 .bss           0x0101892c        0x0 c:/altera/13.0sp1/nios2eds/bin/gnu/h-i686-mingw32/bin/../lib/gcc/nios2-elf/4.1.2/mno-hw-mul\libgcc.a(_lt_df.o)
 .bss           0x0101892c        0x0 c:/altera/13.0sp1/nios2eds/bin/gnu/h-i686-mingw32/bin/../lib/gcc/nios2-elf/4.1.2/mno-hw-mul\libgcc.a(_si_to_df.o)
 .bss           0x0101892c        0x0 c:/altera/13.0sp1/nios2eds/bin/gnu/h-i686-mingw32/bin/../lib/gcc/nios2-elf/4.1.2/mno-hw-mul\libgcc.a(_df_to_si.o)
 .bss           0x0101892c        0x0 c:/altera/13.0sp1/nios2eds/bin/gnu/h-i686-mingw32/bin/../lib/gcc/nios2-elf/4.1.2/mno-hw-mul\libgcc.a(_thenan_df.o)
 .bss           0x0101892c        0x0 c:/altera/13.0sp1/nios2eds/bin/gnu/h-i686-mingw32/bin/../lib/gcc/nios2-elf/4.1.2/mno-hw-mul\libgcc.a(_usi_to_df.o)
 .bss           0x0101892c        0x0 c:/altera/13.0sp1/nios2eds/bin/gnu/h-i686-mingw32/bin/../lib/gcc/nios2-elf/4.1.2/mno-hw-mul\libgcc.a(lib2-divmod.o)
 .bss           0x0101892c        0x0 c:/altera/13.0sp1/nios2eds/bin/gnu/h-i686-mingw32/bin/../lib/gcc/nios2-elf/4.1.2/mno-hw-mul\libgcc.a(_unpack_df.o)
 .bss           0x0101892c        0x0 c:/altera/13.0sp1/nios2eds/bin/gnu/h-i686-mingw32/bin/../lib/gcc/nios2-elf/4.1.2/mno-hw-mul\libgcc.a(_fpcmp_parts_df.o)
 .bss           0x0101892c        0x0 ../Brick_breaker_bsp/\libhal_bsp.a(alt_close.o)
 .bss           0x0101892c        0x0 ../Brick_breaker_bsp/\libhal_bsp.a(alt_dev.o)
 .bss           0x0101892c        0x0 ../Brick_breaker_bsp/\libhal_bsp.a(alt_errno.o)
 .bss           0x0101892c        0x0 ../Brick_breaker_bsp/\libhal_bsp.a(alt_fstat.o)
 .bss           0x0101892c        0x0 ../Brick_breaker_bsp/\libhal_bsp.a(alt_gettod.o)
 .bss           0x0101892c        0x0 ../Brick_breaker_bsp/\libhal_bsp.a(alt_isatty.o)
 .bss           0x0101892c        0x0 ../Brick_breaker_bsp/\libhal_bsp.a(alt_load.o)
 .bss           0x0101892c        0x0 ../Brick_breaker_bsp/\libhal_bsp.a(alt_lseek.o)
 .bss           0x0101892c        0x0 ../Brick_breaker_bsp/\libhal_bsp.a(alt_main.o)
 .bss           0x0101892c        0x0 ../Brick_breaker_bsp/\libhal_bsp.a(alt_malloc_lock.o)
 .bss           0x0101892c        0x0 ../Brick_breaker_bsp/\libhal_bsp.a(alt_read.o)
 .bss           0x0101892c        0x0 ../Brick_breaker_bsp/\libhal_bsp.a(alt_release_fd.o)
 .bss           0x0101892c        0x0 ../Brick_breaker_bsp/\libhal_bsp.a(alt_sbrk.o)
 .bss           0x0101892c        0x0 ../Brick_breaker_bsp/\libhal_bsp.a(alt_tick.o)
 .bss           0x0101892c        0x0 ../Brick_breaker_bsp/\libhal_bsp.a(alt_write.o)
 .bss           0x0101892c        0x0 ../Brick_breaker_bsp/\libhal_bsp.a(alt_sys_init.o)
 .bss           0x0101892c        0x0 ../Brick_breaker_bsp/\libhal_bsp.a(Altera_UP_SD_Card_Avalon_Interface.o)
 .bss           0x0101892c        0x0 ../Brick_breaker_bsp/\libhal_bsp.a(altera_avalon_jtag_uart_fd.o)
 .bss           0x0101892c        0x0 ../Brick_breaker_bsp/\libhal_bsp.a(altera_avalon_jtag_uart_init.o)
 .bss           0x0101892c        0x0 ../Brick_breaker_bsp/\libhal_bsp.a(altera_avalon_jtag_uart_ioctl.o)
 .bss           0x0101892c        0x0 ../Brick_breaker_bsp/\libhal_bsp.a(altera_avalon_jtag_uart_read.o)
 .bss           0x0101892c        0x0 ../Brick_breaker_bsp/\libhal_bsp.a(altera_avalon_jtag_uart_write.o)
 .bss           0x0101892c        0x0 ../Brick_breaker_bsp/\libhal_bsp.a(altera_avalon_timer_ts.o)
 .bss           0x0101892c        0x0 ../Brick_breaker_bsp/\libhal_bsp.a(altera_avalon_timer_vars.o)
 .bss           0x0101892c        0x0 ../Brick_breaker_bsp/\libhal_bsp.a(altera_up_avalon_character_lcd.o)
 .bss           0x0101892c        0x0 ../Brick_breaker_bsp/\libhal_bsp.a(altera_up_avalon_video_character_buffer_with_dma.o)
 .bss           0x0101892c        0x0 ../Brick_breaker_bsp/\libhal_bsp.a(altera_up_avalon_video_pixel_buffer_dma.o)
 .bss           0x0101892c        0x0 ../Brick_breaker_bsp/\libhal_bsp.a(alt_alarm_start.o)
 .bss           0x0101892c        0x0 ../Brick_breaker_bsp/\libhal_bsp.a(alt_dcache_flush_all.o)
 .bss           0x0101892c        0x0 ../Brick_breaker_bsp/\libhal_bsp.a(alt_dev_llist_insert.o)
 .bss           0x0101892c        0x0 ../Brick_breaker_bsp/\libhal_bsp.a(alt_do_ctors.o)
 .bss           0x0101892c        0x0 ../Brick_breaker_bsp/\libhal_bsp.a(alt_do_dtors.o)
 .bss           0x0101892c        0x0 ../Brick_breaker_bsp/\libhal_bsp.a(alt_find_dev.o)
 .bss           0x0101892c        0x0 ../Brick_breaker_bsp/\libhal_bsp.a(alt_icache_flush_all.o)
 .bss           0x0101892c        0x0 ../Brick_breaker_bsp/\libhal_bsp.a(alt_iic.o)
 .bss           0x0101892c        0x0 ../Brick_breaker_bsp/\libhal_bsp.a(alt_iic_isr_register.o)
 .bss           0x0101892c        0x0 ../Brick_breaker_bsp/\libhal_bsp.a(alt_io_redirect.o)
 .bss           0x0101892c        0x0 ../Brick_breaker_bsp/\libhal_bsp.a(alt_irq_entry.o)
 .bss           0x0101892c        0x0 ../Brick_breaker_bsp/\libhal_bsp.a(alt_irq_handler.o)
 .bss           0x0101892c        0x0 ../Brick_breaker_bsp/\libhal_bsp.a(alt_irq_vars.o)
 .bss           0x0101892c        0x0 ../Brick_breaker_bsp/\libhal_bsp.a(alt_open.o)
 .bss           0x0101892c        0x0 ../Brick_breaker_bsp/\libhal_bsp.a(altera_nios2_qsys_irq.o)
 .bss           0x0101892c        0x0 ../Brick_breaker_bsp/\libhal_bsp.a(alt_exception_entry.o)
 .bss           0x0101892c        0x0 ../Brick_breaker_bsp/\libhal_bsp.a(alt_find_file.o)
 .bss           0x0101892c        0x0 ../Brick_breaker_bsp/\libhal_bsp.a(alt_get_fd.o)
 .bss           0x0101892c        0x0 c:/altera/13.0sp1/nios2eds/bin/gnu/h-i686-mingw32/bin/../lib/gcc/nios2-elf/4.1.2/../../../../nios2-elf/lib/mno-hw-mul\libc.a(lib_a-atexit.o)
 .bss           0x0101892c        0x0 c:/altera/13.0sp1/nios2eds/bin/gnu/h-i686-mingw32/bin/../lib/gcc/nios2-elf/4.1.2/../../../../nios2-elf/lib/mno-hw-mul\libc.a(lib_a-exit.o)
 .bss           0x0101892c        0x0 c:/altera/13.0sp1/nios2eds/bin/gnu/h-i686-mingw32/bin/../lib/gcc/nios2-elf/4.1.2/../../../../nios2-elf/lib/mno-hw-mul\libc.a(lib_a-memcmp.o)
 .bss           0x0101892c        0x0 c:/altera/13.0sp1/nios2eds/bin/gnu/h-i686-mingw32/bin/../lib/gcc/nios2-elf/4.1.2/../../../../nios2-elf/lib/mno-hw-mul\libc.a(lib_a-__atexit.o)
 .bss           0x0101892c        0x0 c:/altera/13.0sp1/nios2eds/bin/gnu/h-i686-mingw32/bin/../lib/gcc/nios2-elf/4.1.2/../../../../nios2-elf/lib/mno-hw-mul\libc.a(lib_a-__call_atexit.o)
 .bss           0x0101892c        0x0 ../Brick_breaker_bsp/\libhal_bsp.a(alt_exit.o)
 *(COMMON)
 COMMON         0x0101892c      0x568 ../Brick_breaker_bsp/\libhal_bsp.a(Altera_UP_SD_Card_Avalon_Interface.o)
                0x0101892c                search_data
                0x01018940                boot_sector_data
                0x01018994                active_files
 COMMON         0x01018e94      0x100 ../Brick_breaker_bsp/\libhal_bsp.a(alt_irq_handler.o)
                0x01018e94                alt_irq
 COMMON         0x01018f94      0x190 c:/altera/13.0sp1/nios2eds/bin/gnu/h-i686-mingw32/bin/../lib/gcc/nios2-elf/4.1.2/../../../../nios2-elf/lib/mno-hw-mul\libc.a(lib_a-atexit.o)
                0x01018f94                _atexit0
                0x01019124                . = ALIGN (0x4)
                0x01019124                __bss_end = ABSOLUTE (.)

.onchip_memory2_0
                0x00000000        0x0 load address 0x01019124
                0x00000000                PROVIDE (_alt_partition_onchip_memory2_0_start, ABSOLUTE (.))
 *(.onchip_memory2_0. onchip_memory2_0.*)
                0x00000000                . = ALIGN (0x4)
                0x00000000                PROVIDE (_alt_partition_onchip_memory2_0_end, ABSOLUTE (.))
                0x01019124                PROVIDE (_alt_partition_onchip_memory2_0_load_addr, LOADADDR (.onchip_memory2_0))

.sdram          0x01019124        0x0
                0x01019124                PROVIDE (_alt_partition_sdram_start, ABSOLUTE (.))
 *(.sdram. sdram.*)
                0x01019124                . = ALIGN (0x4)
                0x01019124                PROVIDE (_alt_partition_sdram_end, ABSOLUTE (.))
                0x01019124                _end = ABSOLUTE (.)
                0x01019124                end = ABSOLUTE (.)
                0x01019124                __alt_stack_base = ABSOLUTE (.)
                0x01019124                PROVIDE (_alt_partition_sdram_load_addr, LOADADDR (.sdram))

.stab
 *(.stab)

.stabstr
 *(.stabstr)

.stab.excl
 *(.stab.excl)

.stab.exclstr
 *(.stab.exclstr)

.stab.index
 *(.stab.index)

.stab.indexstr
 *(.stab.indexstr)

.comment        0x00000000       0x26
 *(.comment)
 .comment       0x00000000       0x26 obj/default/src/brick_breaker_main.o
                                 0x27 (size before relaxing)
 .comment       0x00000000       0x27 obj/default/src/character_lcd.o
 .comment       0x00000000       0x27 obj/default/src/sd_card.o
 .comment       0x00000000       0x27 obj/default/src/timestamp_timer.o
 .comment       0x00000000       0x27 obj/default/src/vga_graphics.o
 .comment       0x00000000       0x27 c:/altera/13.0sp1/nios2eds/bin/gnu/h-i686-mingw32/bin/../lib/gcc/nios2-elf/4.1.2/mno-hw-mul\libgcc.a(_div_sf.o)
 .comment       0x00000000       0x27 c:/altera/13.0sp1/nios2eds/bin/gnu/h-i686-mingw32/bin/../lib/gcc/nios2-elf/4.1.2/mno-hw-mul\libgcc.a(_gt_sf.o)
 .comment       0x00000000       0x27 c:/altera/13.0sp1/nios2eds/bin/gnu/h-i686-mingw32/bin/../lib/gcc/nios2-elf/4.1.2/mno-hw-mul\libgcc.a(_sf_to_df.o)
 .comment       0x00000000       0x27 c:/altera/13.0sp1/nios2eds/bin/gnu/h-i686-mingw32/bin/../lib/gcc/nios2-elf/4.1.2/mno-hw-mul\libgcc.a(_thenan_sf.o)
 .comment       0x00000000       0x27 c:/altera/13.0sp1/nios2eds/bin/gnu/h-i686-mingw32/bin/../lib/gcc/nios2-elf/4.1.2/mno-hw-mul\libgcc.a(_usi_to_sf.o)
 .comment       0x00000000       0x27 c:/altera/13.0sp1/nios2eds/bin/gnu/h-i686-mingw32/bin/../lib/gcc/nios2-elf/4.1.2/mno-hw-mul\libgcc.a(_make_df.o)
 .comment       0x00000000       0x27 c:/altera/13.0sp1/nios2eds/bin/gnu/h-i686-mingw32/bin/../lib/gcc/nios2-elf/4.1.2/mno-hw-mul\libgcc.a(lib2-mul.o)
 .comment       0x00000000       0x27 c:/altera/13.0sp1/nios2eds/bin/gnu/h-i686-mingw32/bin/../lib/gcc/nios2-elf/4.1.2/mno-hw-mul\libgcc.a(_clzsi2.o)
 .comment       0x00000000       0x27 c:/altera/13.0sp1/nios2eds/bin/gnu/h-i686-mingw32/bin/../lib/gcc/nios2-elf/4.1.2/mno-hw-mul\libgcc.a(_pack_sf.o)
 .comment       0x00000000       0x27 c:/altera/13.0sp1/nios2eds/bin/gnu/h-i686-mingw32/bin/../lib/gcc/nios2-elf/4.1.2/mno-hw-mul\libgcc.a(_unpack_sf.o)
 .comment       0x00000000       0x27 c:/altera/13.0sp1/nios2eds/bin/gnu/h-i686-mingw32/bin/../lib/gcc/nios2-elf/4.1.2/mno-hw-mul\libgcc.a(_fpcmp_parts_sf.o)
 .comment       0x00000000       0x27 c:/altera/13.0sp1/nios2eds/bin/gnu/h-i686-mingw32/bin/../lib/gcc/nios2-elf/4.1.2/mno-hw-mul\libgcc.a(_pack_df.o)
 .comment       0x00000000       0x27 c:/altera/13.0sp1/nios2eds/bin/gnu/h-i686-mingw32/bin/../lib/gcc/nios2-elf/4.1.2/mno-hw-mul\libgcc.a(_clz.o)
 .comment       0x00000000       0x27 c:/altera/13.0sp1/nios2eds/bin/gnu/h-i686-mingw32/bin/../lib/gcc/nios2-elf/4.1.2/../../../../nios2-elf/lib/mno-hw-mul\libc.a(lib_a-memcpy.o)
 .comment       0x00000000       0x27 c:/altera/13.0sp1/nios2eds/bin/gnu/h-i686-mingw32/bin/../lib/gcc/nios2-elf/4.1.2/../../../../nios2-elf/lib/mno-hw-mul\libc.a(lib_a-memset.o)
 .comment       0x00000000       0x27 c:/altera/13.0sp1/nios2eds/bin/gnu/h-i686-mingw32/bin/../lib/gcc/nios2-elf/4.1.2/../../../../nios2-elf/lib/mno-hw-mul\libc.a(lib_a-printf.o)
 .comment       0x00000000       0x27 c:/altera/13.0sp1/nios2eds/bin/gnu/h-i686-mingw32/bin/../lib/gcc/nios2-elf/4.1.2/../../../../nios2-elf/lib/mno-hw-mul\libc.a(lib_a-putchar.o)
 .comment       0x00000000       0x27 c:/altera/13.0sp1/nios2eds/bin/gnu/h-i686-mingw32/bin/../lib/gcc/nios2-elf/4.1.2/../../../../nios2-elf/lib/mno-hw-mul\libc.a(lib_a-puts.o)
 .comment       0x00000000       0x27 c:/altera/13.0sp1/nios2eds/bin/gnu/h-i686-mingw32/bin/../lib/gcc/nios2-elf/4.1.2/../../../../nios2-elf/lib/mno-hw-mul\libc.a(lib_a-rand.o)
 .comment       0x00000000       0x27 c:/altera/13.0sp1/nios2eds/bin/gnu/h-i686-mingw32/bin/../lib/gcc/nios2-elf/4.1.2/../../../../nios2-elf/lib/mno-hw-mul\libc.a(lib_a-rand_r.o)
 .comment       0x00000000       0x27 c:/altera/13.0sp1/nios2eds/bin/gnu/h-i686-mingw32/bin/../lib/gcc/nios2-elf/4.1.2/../../../../nios2-elf/lib/mno-hw-mul\libc.a(lib_a-strlen.o)
 .comment       0x00000000       0x27 c:/altera/13.0sp1/nios2eds/bin/gnu/h-i686-mingw32/bin/../lib/gcc/nios2-elf/4.1.2/../../../../nios2-elf/lib/mno-hw-mul\libc.a(lib_a-time.o)
 .comment       0x00000000       0x27 c:/altera/13.0sp1/nios2eds/bin/gnu/h-i686-mingw32/bin/../lib/gcc/nios2-elf/4.1.2/../../../../nios2-elf/lib/mno-hw-mul\libc.a(lib_a-vfprintf.o)
 .comment       0x00000000       0x27 c:/altera/13.0sp1/nios2eds/bin/gnu/h-i686-mingw32/bin/../lib/gcc/nios2-elf/4.1.2/../../../../nios2-elf/lib/mno-hw-mul\libc.a(lib_a-wsetup.o)
 .comment       0x00000000       0x27 c:/altera/13.0sp1/nios2eds/bin/gnu/h-i686-mingw32/bin/../lib/gcc/nios2-elf/4.1.2/../../../../nios2-elf/lib/mno-hw-mul\libc.a(lib_a-dtoa.o)
 .comment       0x00000000       0x27 c:/altera/13.0sp1/nios2eds/bin/gnu/h-i686-mingw32/bin/../lib/gcc/nios2-elf/4.1.2/../../../../nios2-elf/lib/mno-hw-mul\libc.a(lib_a-fflush.o)
 .comment       0x00000000       0x27 c:/altera/13.0sp1/nios2eds/bin/gnu/h-i686-mingw32/bin/../lib/gcc/nios2-elf/4.1.2/../../../../nios2-elf/lib/mno-hw-mul\libc.a(lib_a-findfp.o)
 .comment       0x00000000       0x27 c:/altera/13.0sp1/nios2eds/bin/gnu/h-i686-mingw32/bin/../lib/gcc/nios2-elf/4.1.2/../../../../nios2-elf/lib/mno-hw-mul\libc.a(lib_a-freer.o)
 .comment       0x00000000       0x27 c:/altera/13.0sp1/nios2eds/bin/gnu/h-i686-mingw32/bin/../lib/gcc/nios2-elf/4.1.2/../../../../nios2-elf/lib/mno-hw-mul\libc.a(lib_a-fvwrite.o)
 .comment       0x00000000       0x27 c:/altera/13.0sp1/nios2eds/bin/gnu/h-i686-mingw32/bin/../lib/gcc/nios2-elf/4.1.2/../../../../nios2-elf/lib/mno-hw-mul\libc.a(lib_a-fwalk.o)
 .comment       0x00000000       0x27 c:/altera/13.0sp1/nios2eds/bin/gnu/h-i686-mingw32/bin/../lib/gcc/nios2-elf/4.1.2/../../../../nios2-elf/lib/mno-hw-mul\libc.a(lib_a-gettimeofdayr.o)
 .comment       0x00000000       0x27 c:/altera/13.0sp1/nios2eds/bin/gnu/h-i686-mingw32/bin/../lib/gcc/nios2-elf/4.1.2/../../../../nios2-elf/lib/mno-hw-mul\libc.a(lib_a-impure.o)
 .comment       0x00000000       0x27 c:/altera/13.0sp1/nios2eds/bin/gnu/h-i686-mingw32/bin/../lib/gcc/nios2-elf/4.1.2/../../../../nios2-elf/lib/mno-hw-mul\libc.a(lib_a-int_errno.o)
 .comment       0x00000000       0x27 c:/altera/13.0sp1/nios2eds/bin/gnu/h-i686-mingw32/bin/../lib/gcc/nios2-elf/4.1.2/../../../../nios2-elf/lib/mno-hw-mul\libc.a(lib_a-locale.o)
 .comment       0x00000000       0x27 c:/altera/13.0sp1/nios2eds/bin/gnu/h-i686-mingw32/bin/../lib/gcc/nios2-elf/4.1.2/../../../../nios2-elf/lib/mno-hw-mul\libc.a(lib_a-makebuf.o)
 .comment       0x00000000       0x27 c:/altera/13.0sp1/nios2eds/bin/gnu/h-i686-mingw32/bin/../lib/gcc/nios2-elf/4.1.2/../../../../nios2-elf/lib/mno-hw-mul\libc.a(lib_a-mallocr.o)
 .comment       0x00000000       0x27 c:/altera/13.0sp1/nios2eds/bin/gnu/h-i686-mingw32/bin/../lib/gcc/nios2-elf/4.1.2/../../../../nios2-elf/lib/mno-hw-mul\libc.a(lib_a-memchr.o)
 .comment       0x00000000       0x27 c:/altera/13.0sp1/nios2eds/bin/gnu/h-i686-mingw32/bin/../lib/gcc/nios2-elf/4.1.2/../../../../nios2-elf/lib/mno-hw-mul\libc.a(lib_a-memmove.o)